 HookAPINT

 Timestamp is 48572ca9 (Tue Jun 17 11:16:57 2008)

 Preferred load address is 10000000

 Start         Length     Name                   Class
 0001:00000000 0000c3e6H .text                   CODE
 0001:0000c3f0 00000095H .text$x                 CODE
 0002:00000000 0000018cH .idata$5                DATA
 0002:00000190 00000d20H .rdata                  DATA
 0002:00000eb0 000000c8H .xdata$x                DATA
 0002:00000f78 0000003cH .idata$2                DATA
 0002:00000fb4 00000014H .idata$3                DATA
 0002:00000fc8 0000018cH .idata$4                DATA
 0002:00001154 0000070cH .idata$6                DATA
 0002:00001860 000000d4H .edata                  DATA
 0003:00000000 00000004H .CRT$XCA                DATA
 0003:00000004 00000008H .CRT$XCU                DATA
 0003:0000000c 00000004H .CRT$XCZ                DATA
 0003:00000010 00000004H .CRT$XIA                DATA
 0003:00000014 0000000cH .CRT$XIC                DATA
 0003:00000020 00000004H .CRT$XIY                DATA
 0003:00000024 00000004H .CRT$XIZ                DATA
 0003:00000028 00000004H .CRT$XPA                DATA
 0003:0000002c 00000004H .CRT$XPX                DATA
 0003:00000030 00000004H .CRT$XPZ                DATA
 0003:00000034 00000004H .CRT$XTA                DATA
 0003:00000038 00000004H .CRT$XTB                DATA
 0003:0000003c 00000004H .CRT$XTZ                DATA
 0003:00000040 00001bb8H .data                   DATA
 0003:00001bf8 000018c4H .bss                    DATA
 0004:00000000 00000058H .rsrc$01                DATA
 0004:00000060 00000340H .rsrc$02                DATA

  Address         Publics by Value              Rva+Base     Lib:Object

 0001:00000000       ??0CAPIInfo@@QAE@XZ        10001000 f   ApiInfo.obj
 0001:00000020       ??_GCAPIInfo@@UAEPAXI@Z    10001020 f i ApiInfo.obj
 0001:00000020       ??_ECAPIInfo@@UAEPAXI@Z    10001020 f i ApiInfo.obj
 0001:00000040       ??1CAPIInfo@@UAE@XZ        10001040 f   ApiInfo.obj
 0001:00000050       ?Add@CAPIInfo@@QAEPAUtagAPIINFO@@PAD00HP6GXXZ10H@Z 10001050 f   ApiInfo.obj
 0001:000001b0       ?DeleteAll@CAPIInfo@@QAEHXZ 100011b0 f   ApiInfo.obj
 0001:000001f0       ?FindByMyAPI@CAPIInfo@@QAEPAUtagAPIINFO@@P6GXXZ@Z 100011f0 f   ApiInfo.obj
 0001:00000210       ?FindByOldAPI@CAPIInfo@@QAEPAUtagAPIINFO@@P6GXXZ@Z 10001210 f   ApiInfo.obj
 0001:00000240       ?FindByAPIName@CAPIInfo@@QAEPAUtagAPIINFO@@PAD@Z 10001240 f   ApiInfo.obj
 0001:000002a0       ?FindByMyAPIName@CAPIInfo@@QAEPAUtagAPIINFO@@PAD@Z 100012a0 f   ApiInfo.obj
 0001:00000300       ?lock@CAPIInfo@@QAEHPAUtagAPIINFO@@@Z 10001300 f   ApiInfo.obj
 0001:00000320       ?unlock@CAPIInfo@@QAEHPAUtagAPIINFO@@@Z 10001320 f   ApiInfo.obj
 0001:00000380       ??0CHookAPI@@QAE@XZ        10001380 f   HookAPI.obj
 0001:00000490       ??_ECHookAPI@@UAEPAXI@Z    10001490 f i HookAPI.obj
 0001:00000490       ??_GCHookAPI@@UAEPAXI@Z    10001490 f i HookAPI.obj
 0001:000004b0       ??1CHookAPI@@UAE@XZ        100014b0 f   HookAPI.obj
 0001:000004d0       ?LoadMyDll@CHookAPI@@QAEHXZ 100014d0 f   HookAPI.obj
 0001:00000540       ?FreeMyDll@CHookAPI@@QAEXXZ 10001540 f   HookAPI.obj
 0001:00000560       ?Init@CHookAPI@@QAEHXZ     10001560 f   HookAPI.obj
 0001:00000870       ?HookOneAPI@CHookAPI@@QAEHPAUtagAPIINFO@@@Z 10001870 f   HookAPI.obj
 0001:00000930       ?UnhookOneAPI@CHookAPI@@QAEHPAUtagAPIINFO@@@Z 10001930 f   HookAPI.obj
 0001:000009f0       ?HookAllAPI@CHookAPI@@QAEHXZ 100019f0 f   HookAPI.obj
 0001:00000a20       ?UnhookAllAPI@CHookAPI@@QAEXXZ 10001a20 f   HookAPI.obj
 0001:00000a50       ?ProcessCall@CHookAPI@@SAXXZ 10001a50 f   HookAPI.obj
 0001:00000c80       ?RestoreAPICodes@CHookAPI@@SAHPAD@Z 10001c80 f   HookAPI.obj
 0001:00000ce0       ?ChangeAPICodes@CHookAPI@@SAHPAD@Z 10001ce0 f   HookAPI.obj
 0001:00000d20       ?RemoveProtection@CHookAPI@@SAHPAUtagAPIINFO@@@Z 10001d20 f   HookAPI.obj
 0001:00000da0       ?myCreateProcessW2003@CHookAPI@@SGKPBGPAGPAU_SECURITY_ATTRIBUTES@@2HKPAX0PAU_STARTUPINFOW@@PAU_PROCESS_INFORMATION@@@Z 10001da0 f   HookAPI.obj
 0001:00000e40       ?myCreateProcessA2003@CHookAPI@@SGKPBDPADPAU_SECURITY_ATTRIBUTES@@2HKPAX0PAU_STARTUPINFOA@@PAU_PROCESS_INFORMATION@@@Z 10001e40 f   HookAPI.obj
 0001:00000ea0       ?InjectLib@@YGHKPAD@Z      10001ea0 f   injlib.obj
 0001:00000fb0       ?InjectLib@@YGHPAXPAD@Z    10001fb0 f   injlib.obj
 0001:000010b0       ?EjectLib@@YGHKPAD@Z       100020b0 f   injlib.obj
 0001:00001240       ?IfCanHook@@YAHK@Z         10002240 f   main.obj
 0001:000013f0       ?HookOneProcess@@YGHK@Z    100023f0 f   main.obj
 0001:00001430       ?UnhookOneProcess@@YGHK@Z  10002430 f   main.obj
 0001:00001450       ?hook_thread@@YGKPAX@Z     10002450 f   main.obj
 0001:00001570       ?HookOneProcess2@@YGHPAUHWND__@@PAD@Z 10002570 f   main.obj
 0001:000015c0       ?UnhookOneProcess2@@YGHPAD@Z 100025c0 f   main.obj
 0001:000015f0       ?HookAllProcess@@YGHXZ     100025f0 f   main.obj
 0001:000016c0       ?UnhookAllProcess@@YGHXZ   100026c0 f   main.obj
 0001:00001770       ?ObtainSeDebugPrivilege@@YAHXZ 10002770 f   main.obj
 0001:00001890       _DllMain@12                10002890 f   main.obj
 0001:000018a0       ??0CProcessModule@@QAE@XZ  100028a0 f   ProcessModule.obj
 0001:00001940       ??1CProcessModule@@QAE@XZ  10002940 f   ProcessModule.obj
 0001:00001950       ?EnumProcess@CProcessModule@@QAEHXZ 10002950 f   ProcessModule.obj
 0001:00001a00       ?EnumProcessModules@CProcessModule@@QAEHK@Z 10002a00 f   ProcessModule.obj
 0001:00001af0       ?GetModuleBaseNameA@CProcessModule@@QAEHHPAD@Z 10002af0 f   ProcessModule.obj
 0001:00001b30       ?EndEnumProcessModules@CProcessModule@@QAEXXZ 10002b30 f   ProcessModule.obj
 0001:00001b40       ?GetProcessModuleHandle@CProcessModule@@QAEPAXKPAD@Z 10002b40 f   ProcessModule.obj
 0001:00001bb0       ?GetProcessID@CProcessModule@@QAEKPAD@Z 10002bb0 f   ProcessModule.obj
 0001:00001c90       ?ObtainSeDebugPrivilege@CProcessModule@@QAEHPAX@Z 10002c90 f   ProcessModule.obj
 0001:00001d90       ??0CProcessToHook@@QAE@XZ  10002d90 f   ProcessToHook.obj
 0001:00001da0       ??_GCProcessToHook@@UAEPAXI@Z 10002da0 f i ProcessToHook.obj
 0001:00001da0       ??_ECProcessToHook@@UAEPAXI@Z 10002da0 f i ProcessToHook.obj
 0001:00001dc0       ??1CProcessToHook@@UAE@XZ  10002dc0 f   ProcessToHook.obj
 0001:00001dd0       ?GetFilePath@@YAHPAD0@Z    10002dd0 f   util.obj
 0001:00001e30       ?WriteLog@@YAXPADZZ        10002e30 f   util.obj
 0001:00001e40       ?WriteLog2@@YAXPAD0ZZ      10002e40 f   util.obj
 0001:00001e50       ?GetErrString@@YAPADPADKK@Z 10002e50 f   util.obj
 0001:00001e80       _InitializeCriticalSection@4 10002e80 f   kernel32:KERNEL32.dll
 0001:00001e86       _DeleteCriticalSection@4   10002e86 f   kernel32:KERNEL32.dll
 0001:00001e8c       _EnterCriticalSection@4    10002e8c f   kernel32:KERNEL32.dll
 0001:00001e92       _LeaveCriticalSection@4    10002e92 f   kernel32:KERNEL32.dll
 0001:00001e98       _WriteProfileStringA@12    10002e98 f   kernel32:KERNEL32.dll
 0001:00001e9e       _GetModuleFileNameA@12     10002e9e f   kernel32:KERNEL32.dll
 0001:00001ea4       _GetProfileStringA@20      10002ea4 f   kernel32:KERNEL32.dll
 0001:00001eaa       _GetModuleHandleA@4        10002eaa f   kernel32:KERNEL32.dll
 0001:00001eb0       _LoadLibraryA@4            10002eb0 f   kernel32:KERNEL32.dll
 0001:00001eb6       _FreeLibrary@4             10002eb6 f   kernel32:KERNEL32.dll
 0001:00001ebc       _GetPrivateProfileIntA@16  10002ebc f   kernel32:KERNEL32.dll
 0001:00001ec2       _GetPrivateProfileStringA@24 10002ec2 f   kernel32:KERNEL32.dll
 0001:00001ec8       _GetProcAddress@8          10002ec8 f   kernel32:KERNEL32.dll
 0001:00001ece       _VirtualProtect@16         10002ece f   kernel32:KERNEL32.dll
 0001:00001ed4       _SetLastError@4            10002ed4 f   kernel32:KERNEL32.dll
 0001:00001eda       _GetLastError@0            10002eda f   kernel32:KERNEL32.dll
 0001:00001ee0       _VirtualQuery@12           10002ee0 f   kernel32:KERNEL32.dll
 0001:00001ee6       _WideCharToMultiByte@32    10002ee6 f   kernel32:KERNEL32.dll
 0001:00001eec       _CreateProcessW@40         10002eec f   kernel32:KERNEL32.dll
 0001:00001ef2       _CreateProcessA@40         10002ef2 f   kernel32:KERNEL32.dll
 0001:00001ef8       _CloseHandle@4             10002ef8 f   kernel32:KERNEL32.dll
 0001:00001efe       _VirtualFreeEx@16          10002efe f   kernel32:KERNEL32.dll
 0001:00001f04       _WaitForSingleObject@8     10002f04 f   kernel32:KERNEL32.dll
 0001:00001f0a       _CreateRemoteThread@28     10002f0a f   kernel32:KERNEL32.dll
 0001:00001f10       _WriteProcessMemory@20     10002f10 f   kernel32:KERNEL32.dll
 0001:00001f16       _VirtualAllocEx@20         10002f16 f   kernel32:KERNEL32.dll
 0001:00001f1c       _OpenProcess@12            10002f1c f   kernel32:KERNEL32.dll
 0001:00001f22       _GetCurrentProcessId@0     10002f22 f   kernel32:KERNEL32.dll
 0001:00001f28       _Sleep@4                   10002f28 f   kernel32:KERNEL32.dll
 0001:00001f2e       _CreateThread@24           10002f2e f   kernel32:KERNEL32.dll
 0001:00001f34       _GetCurrentProcess@0       10002f34 f   kernel32:KERNEL32.dll
 0001:00001f3a       _FormatMessageA@28         10002f3a f   kernel32:KERNEL32.dll
 0001:00001f40       _wsprintfA                 10002f40 f   user32:USER32.dll
 0001:00001f46       _SendMessageA@16           10002f46 f   user32:USER32.dll
 0001:00001f4c       _AdjustTokenPrivileges@24  10002f4c f   advapi32:ADVAPI32.dll
 0001:00001f52       _LookupPrivilegeValueA@12  10002f52 f   advapi32:ADVAPI32.dll
 0001:00001f58       _OpenProcessToken@12       10002f58 f   advapi32:ADVAPI32.dll
 0001:00001f5e       ??3@YAXPAX@Z               10002f5e f   LIBCMT:delete.obj
 0001:00001f69       _malloc                    10002f69 f   LIBCMT:malloc.obj
 0001:00001f7b       __nh_malloc                10002f7b f   LIBCMT:malloc.obj
 0001:00001fa7       __heap_alloc               10002fa7 f   LIBCMT:malloc.obj
 0001:00001ff5       _free                      10002ff5 f   LIBCMT:free.obj
 0001:0000203d       __onexit                   1000303d f   LIBCMT:onexit.obj
 0001:000020bb       _atexit                    100030bb f   LIBCMT:onexit.obj
 0001:000020cd       ___onexitinit              100030cd f   LIBCMT:onexit.obj
 0001:00002100       _strstr                    10003100 f   LIBCMT:strstr.obj
 0001:00002180       _sprintf                   10003180 f   LIBCMT:sprintf.obj
 0001:000021d2       ?_JumpToContinuation@@YGXPAXPAUEHRegistrationNode@@@Z 100031d2 f   LIBCMT:trnsctrl.obj
 0001:00002206       ?_CallMemberFunction0@@YGXPAX0@Z 10003206 f   LIBCMT:trnsctrl.obj
 0001:0000220d       ?_CallMemberFunction1@@YGXPAX00@Z 1000320d f   LIBCMT:trnsctrl.obj
 0001:00002214       ?_CallMemberFunction2@@YGXPAX00H@Z 10003214 f   LIBCMT:trnsctrl.obj
 0001:0000221b       ?_UnwindNestedFrames@@YGXPAUEHRegistrationNode@@PAUEHExceptionRecord@@@Z 1000321b f   LIBCMT:trnsctrl.obj
 0001:0000226a       ___CxxFrameHandler         1000326a f   LIBCMT:trnsctrl.obj
 0001:000022a0       ___CxxLongjmpUnwind@4      100032a0 f   LIBCMT:trnsctrl.obj
 0001:000022ba       ?_CallCatchBlock2@@YAPAXPAUEHRegistrationNode@@PBU_s_FuncInfo@@PAXHK@Z 100032ba f   LIBCMT:trnsctrl.obj
 0001:00002333       ?_CallSETranslator@@YAHPAUEHExceptionRecord@@PAUEHRegistrationNode@@PAX2PBU_s_FuncInfo@@H1@Z 10003333 f   LIBCMT:trnsctrl.obj
 0001:0000245e       ?_GetRangeOfTrysToCheck@@YAPBU_s_TryBlockMapEntry@@PBU_s_FuncInfo@@HHPAI1@Z 1000345e f   LIBCMT:trnsctrl.obj
 0001:000024e0       __chkstk                   100034e0 f   LIBCMT:chkstk.obj
 0001:000024e0       __alloca_probe             100034e0 f   LIBCMT:chkstk.obj
 0001:00002510       __global_unwind2           10003510 f   LIBCMT:exsup.obj
 0001:00002552       __local_unwind2            10003552 f   LIBCMT:exsup.obj
 0001:000025aa       __NLG_Return2              100035aa f   LIBCMT:exsup.obj
 0001:000025ba       __abnormal_termination     100035ba f   LIBCMT:exsup.obj
 0001:000025dd       __NLG_Notify1              100035dd f   LIBCMT:exsup.obj
 0001:000025e6       __NLG_Notify               100035e6 f   LIBCMT:exsup.obj
 0001:000025f9       __NLG_Dispatch             100035f9 f   LIBCMT:exsup.obj
 0001:00002600       _strncpy                   10003600 f   LIBCMT:strncpy.obj
 0001:000026fe       __CRT_INIT@12              100036fe f   LIBCMT:dllcrt0.obj
 0001:000027d7       __DllMainCRTStartup@12     100037d7 f   LIBCMT:dllcrt0.obj
 0001:00002874       __amsg_exit                10003874 f   LIBCMT:dllcrt0.obj
 0001:000028a7       ?_set_new_handler@@YAP6AHI@ZP6AHI@Z@Z 100038a7 f   LIBCMT:handler.obj
 0001:000028cb       ?_query_new_handler@@YAP6AHI@ZXZ 100038cb f   LIBCMT:handler.obj
 0001:000028d1       __callnewh                 100038d1 f   LIBCMT:handler.obj
 0001:000028ec       __heap_init                100038ec f   LIBCMT:heapinit.obj
 0001:00002928       __heap_term                10003928 f   LIBCMT:heapinit.obj
 0001:0000299d       __mtinitlocks              1000399d f   LIBCMT:mlock.obj
 0001:000029c6       __mtdeletelocks            100039c6 f   LIBCMT:mlock.obj
 0001:00002a32       __lock                     10003a32 f   LIBCMT:mlock.obj
 0001:00002a93       __unlock                   10003a93 f   LIBCMT:mlock.obj
 0001:00002aa8       __lockerr_exit             10003aa8 f   LIBCMT:mlock.obj
 0001:00002ac0       __get_sbh_threshold        10003ac0 f   LIBCMT:sbheap.obj
 0001:00002ac6       __set_sbh_threshold        10003ac6 f   LIBCMT:sbheap.obj
 0001:00002add       ___sbh_heap_init           10003add f   LIBCMT:sbheap.obj
 0001:00002b1b       ___sbh_find_block          10003b1b f   LIBCMT:sbheap.obj
 0001:00002b46       ___sbh_free_block          10003b46 f   LIBCMT:sbheap.obj
 0001:00002e71       ___sbh_alloc_block         10003e71 f   LIBCMT:sbheap.obj
 0001:0000317a       ___sbh_alloc_new_region    1000417a f   LIBCMT:sbheap.obj
 0001:0000322b       ___sbh_alloc_new_group     1000422b f   LIBCMT:sbheap.obj
 0001:00003326       ___sbh_resize_block        10004326 f   LIBCMT:sbheap.obj
 0001:0000361c       ___sbh_heapmin             1000461c f   LIBCMT:sbheap.obj
 0001:000036ed       ___sbh_heap_check          100046ed f   LIBCMT:sbheap.obj
 0001:00003a1c       __cinit                    10004a1c f   LIBCMT:crt0dat.obj
 0001:00003a49       _exit                      10004a49 f   LIBCMT:crt0dat.obj
 0001:00003a5a       __exit                     10004a5a f   LIBCMT:crt0dat.obj
 0001:00003a6b       __cexit                    10004a6b f   LIBCMT:crt0dat.obj
 0001:00003a7a       __c_exit                   10004a7a f   LIBCMT:crt0dat.obj
 0001:00003b2e       __lockexit                 10004b2e f   LIBCMT:crt0dat.obj
 0001:00003b37       __unlockexit               10004b37 f   LIBCMT:crt0dat.obj
 0001:00003b5a       _realloc                   10004b5a f   LIBCMT:realloc.obj
 0001:00003c92       __msize                    10004c92 f   LIBCMT:msize.obj
 0001:00003cf0       _strchr                    10004cf0 f   LIBCMT:strchr.obj
 0001:00003cf6       ___from_strstr_to_strchr   10004cf6 f   LIBCMT:strchr.obj
 0001:00003dac       __flsbuf                   10004dac f   LIBCMT:_flsbuf.obj
 0001:00003ec4       __output                   10004ec4 f   LIBCMT:output.obj
 0001:000046ce       ___InternalCxxFrameHandler 100056ce f   LIBCMT:frame.obj
 0001:00004a23       ___FrameUnwindToState      10005a23 f   LIBCMT:frame.obj
 0001:00004e5b       ?_DestructExceptionObject@@YAXPAUEHExceptionRecord@@E@Z 10005e5b f   LIBCMT:frame.obj
 0001:00004ef0       __CallSettingFrame@12      10005ef0 f   LIBCMT:lowhelpr.obj
 0001:00004f17       __NLG_Return               10005f17 f   LIBCMT:lowhelpr.obj
 0001:00004f3c       __mtinit                   10005f3c f   LIBCMT:tidtable.obj
 0001:00004f90       __mtterm                   10005f90 f   LIBCMT:tidtable.obj
 0001:00004fae       __initptd                  10005fae f   LIBCMT:tidtable.obj
 0001:00004fc1       __getptd                   10005fc1 f   LIBCMT:tidtable.obj
 0001:00005028       __freeptd                  10006028 f   LIBCMT:tidtable.obj
 0001:000050c8       ___threadid                100060c8 f   LIBCMT:tidtable.obj
 0001:000050ce       ___threadhandle            100060ce f   LIBCMT:tidtable.obj
 0001:000050d4       ?terminate@@YAXXZ          100060d4 f   LIBCMT:hooks.obj
 0001:00005135       ?unexpected@@YAXXZ         10006135 f   LIBCMT:hooks.obj
 0001:0000514d       ?_inconsistency@@YAXXZ     1000614d f   LIBCMT:hooks.obj
 0001:000051a3       __ioinit                   100061a3 f   LIBCMT:ioinit.obj
 0001:0000535f       __ioterm                   1000635f f   LIBCMT:ioinit.obj
 0001:000053b3       __setenvp                  100063b3 f   LIBCMT:stdenvp.obj
 0001:0000546c       __setargv                  1000646c f   LIBCMT:stdargv.obj
 0001:000056b9       ___crtGetEnvironmentStringsA 100066b9 f   LIBCMT:a_env.obj
 0001:000057eb       __FF_MSGBANNER             100067eb f   LIBCMT:crt0msg.obj
 0001:00005824       __NMSG_WRITE               10006824 f   LIBCMT:crt0msg.obj
 0001:00005977       __GET_RTERRMSG             10006977 f   LIBCMT:crt0msg.obj
 0001:000059b0       _memmove                   100069b0 f   LIBCMT:memmove.obj
 0001:00005cf0       _memcpy                    10006cf0 f   LIBCMT:memcpy.obj
 0001:00006025       __lseek                    10007025 f   LIBCMT:lseek.obj
 0001:0000608a       __lseek_lk                 1000708a f   LIBCMT:lseek.obj
 0001:000060fd       __write                    100070fd f   LIBCMT:write.obj
 0001:00006162       __write_lk                 10007162 f   LIBCMT:write.obj
 0001:000062ed       __getbuf                   100072ed f   LIBCMT:_getbuf.obj
 0001:00006331       __isatty                   10007331 f   LIBCMT:isatty.obj
 0001:0000635a       ___initstdio               1000735a f   LIBCMT:_file.obj
 0001:00006402       ___endstdio                10007402 f   LIBCMT:_file.obj
 0001:00006416       __lock_file                10007416 f   LIBCMT:_file.obj
 0001:00006445       __lock_file2               10007445 f   LIBCMT:_file.obj
 0001:00006468       __unlock_file              10007468 f   LIBCMT:_file.obj
 0001:00006497       __unlock_file2             10007497 f   LIBCMT:_file.obj
 0001:000064c0       _strlen                    100074c0 f   LIBCMT:strlen.obj
 0001:0000653b       _wctomb                    1000753b f   LIBCMT:wctomb.obj
 0001:00006594       __wctomb_lk                10007594 f   LIBCMT:wctomb.obj
 0001:00006600       __aulldiv                  10007600 f   LIBCMT:ulldiv.obj
 0001:00006670       __aullrem                  10007670 f   LIBCMT:ullrem.obj
 0001:000066e5       ?__CxxUnhandledExceptionFilter@@YGJPAU_EXCEPTION_POINTERS@@@Z 100076e5 f   LIBCMT:unhandld.obj
 0001:0000672b       ?__CxxSetUnhandledExceptionFilter@@YAXXZ 1000772b f   LIBCMT:unhandld.obj
 0001:0000673c       ?__CxxRestoreUnhandledExceptionFilter@@YAXXZ 1000773c f   LIBCMT:unhandld.obj
 0001:00006749       ?_ValidateRead@@YAHPBXI@Z  10007749 f   LIBCMT:validate.obj
 0001:00006765       ?_ValidateWrite@@YAHPAXI@Z 10007765 f   LIBCMT:validate.obj
 0001:00006781       ?_ValidateExecute@@YAHP6GHXZ@Z 10007781 f   LIBCMT:validate.obj
 0001:000067a0       _strcmp                    100077a0 f   LIBCMT:strcmp.obj
 0001:0000682c       __except_handler3          1000782c f   LIBCMT:exsup3.obj
 0001:000068e9       __seh_longjmp_unwind@4     100078e9 f   LIBCMT:exsup3.obj
 0001:00006904       _calloc                    10007904 f   LIBCMT:calloc.obj
 0001:00006991       __XcptFilter               10007991 f   LIBCMT:winxfltr.obj
 0001:00006b09       _abort                     10007b09 f   LIBCMT:abort.obj
 0001:00006b20       _strcpy                    10007b20 f   LIBCMT:strcat.obj
 0001:00006b30       _strcat                    10007b30 f   LIBCMT:strcat.obj
 0001:00006c10       __setmbcp                  10007c10 f   LIBCMT:mbctype.obj
 0001:00006fe8       __getmbcp                  10007fe8 f   LIBCMT:mbctype.obj
 0001:00006ff8       ___initmbctable            10007ff8 f   LIBCMT:mbctype.obj
 0001:00007014       ___crtMessageBoxA          10008014 f   LIBCMT:crtmbox.obj
 0001:0000709d       __dosmaperr                1000809d f   LIBCMT:dosmap.obj
 0001:00007110       __errno                    10008110 f   LIBCMT:dosmap.obj
 0001:00007119       ___doserrno                10008119 f   LIBCMT:dosmap.obj
 0001:00007122       __alloc_osfhnd             10008122 f   LIBCMT:osfinfo.obj
 0001:00007245       __set_osfhnd               10008245 f   LIBCMT:osfinfo.obj
 0001:000072c1       __free_osfhnd              100082c1 f   LIBCMT:osfinfo.obj
 0001:00007340       __get_osfhandle            10008340 f   LIBCMT:osfinfo.obj
 0001:00007382       __open_osfhandle           10008382 f   LIBCMT:osfinfo.obj
 0001:00007429       __lock_fhandle             10008429 f   LIBCMT:osfinfo.obj
 0001:00007488       __unlock_fhandle           10008488 f   LIBCMT:osfinfo.obj
 0001:000074aa       __fcloseall                100084aa f   LIBCMT:closeall.obj
 0001:0000752b       _fflush                    1000852b f   LIBCMT:fflush.obj
 0001:0000755a       __fflush_lk                1000855a f   LIBCMT:fflush.obj
 0001:00007588       __flush                    10008588 f   LIBCMT:fflush.obj
 0001:000075e4       __flushall                 100085e4 f   LIBCMT:fflush.obj
 0001:00007691       __fptrap                   10008691 f   LIBCMT:crt0fp.obj
 0001:0000769a       _setlocale                 1000869a f   LIBCMT:setlocal.obj
 0001:00007ab4       __expandlocale             10008ab4 f   LIBCMT:setlocal.obj
 0001:00007bcc       ___init_dummy              10008bcc f   LIBCMT:setlocal.obj
 0001:00007bcf       __strcats                  10008bcf f   LIBCMT:setlocal.obj
 0001:00007bf4       ___lc_strtolc              10008bf4 f   LIBCMT:setlocal.obj
 0001:00007cc0       ___lc_lctostr              10008cc0 f   LIBCMT:setlocal.obj
 0001:00007d20       _memset                    10008d20 f   LIBCMT:memset.obj
 0001:00007d78       _signal                    10008d78 f   LIBCMT:winsig.obj
 0001:00007f5c       _raise                     10008f5c f   LIBCMT:winsig.obj
 0001:0000811b       ___fpecode                 1000911b f   LIBCMT:winsig.obj
 0001:00008124       ___pxcptinfoptrs           10009124 f   LIBCMT:winsig.obj
 0001:0000812d       ___crtLCMapStringA         1000912d f   LIBCMT:a_map.obj
 0001:0000837c       ___crtGetStringTypeA       1000937c f   LIBCMT:a_str.obj
 0001:000084c5       _fclose                    100094c5 f   LIBCMT:fclose.obj
 0001:000084f6       __fclose_lk                100094f6 f   LIBCMT:fclose.obj
 0001:00008542       __commit                   10009542 f   LIBCMT:commit.obj
 0001:000085d5       ___init_time               100095d5 f   LIBCMT:inittime.obj
 0001:00008b44       ___init_numeric            10009b44 f   LIBCMT:initnum.obj
 0001:00008d50       ___init_monetary           10009d50 f   LIBCMT:initmon.obj
 0001:00008fc2       ___init_ctype              10009fc2 f   LIBCMT:initctyp.obj
 0001:00009207       ___init_collate            1000a207 f   LIBCMT:initcoll.obj
 0001:00009210       _strcspn                   1000a210 f   LIBCMT:strcspn.obj
 0001:00009250       _strncmp                   1000a250 f   LIBCMT:strncmp.obj
 0001:00009290       _strpbrk                   1000a290 f   LIBCMT:strpbrk.obj
 0001:000092ca       ___get_qualified_locale    1000a2ca f   LIBCMT:getqloc.obj
 0001:00009b71       __close                    1000ab71 f   LIBCMT:close.obj
 0001:00009bce       __close_lk                 1000abce f   LIBCMT:close.obj
 0001:00009c51       __freebuf                  1000ac51 f   LIBCMT:_freebuf.obj
 0001:00009c7c       __Getdays                  1000ac7c f   LIBCMT:strftime.obj
 0001:00009d0b       __Getmonths                1000ad0b f   LIBCMT:strftime.obj
 0001:00009da0       __Gettnames                1000ada0 f   LIBCMT:strftime.obj
 0001:00009fd2       _strftime                  1000afd2 f   LIBCMT:strftime.obj
 0001:00009fed       __Strftime                 1000afed f   LIBCMT:strftime.obj
 0001:0000a884       ___getlocaleinfo           1000b884 f   LIBCMT:inithelp.obj
 0001:0000a9bc       _localeconv                1000b9bc f   LIBCMT:lconv.obj
 0001:0000a9c2       ___crtGetStringTypeW       1000b9c2 f   LIBCMT:w_str.obj
 0001:0000ab87       __itoa                     1000bb87 f   LIBCMT:xtoa.obj
 0001:0000ac10       __ltoa                     1000bc10 f   LIBCMT:xtoa.obj
 0001:0000ac3a       __ultoa                    1000bc3a f   LIBCMT:xtoa.obj
 0001:0000ac55       __i64toa                   1000bc55 f   LIBCMT:xtoa.obj
 0001:0000ad0c       __ui64toa                  1000bd0c f   LIBCMT:xtoa.obj
 0001:0000ad30       __strcmpi                  1000bd30 f   LIBCMT:stricmp.obj
 0001:0000ad30       _strcmpi                   1000bd30 f   LIBCMT:stricmp.obj
 0001:0000ad30       __stricmp                  1000bd30 f   LIBCMT:stricmp.obj
 0001:0000ae00       __strnicmp                 1000be00 f   LIBCMT:strnicmp.obj
 0001:0000af01       _atol                      1000bf01 f   LIBCMT:atox.obj
 0001:0000af8c       _atoi                      1000bf8c f   LIBCMT:atox.obj
 0001:0000af97       __atoi64                   1000bf97 f   LIBCMT:atox.obj
 0001:0000b051       ___tzset                   1000c051 f   LIBCMT:tzset.obj
 0001:0000b07f       __tzset                    1000c07f f   LIBCMT:tzset.obj
 0001:0000b31c       __isindst                  1000c31c f   LIBCMT:tzset.obj
 0001:0000b629       __isctype                  1000c629 f   LIBCMT:isctype.obj
 0001:0000b69e       ___crtGetLocaleInfoW       1000c69e f   LIBCMT:w_loc.obj
 0001:0000b7b1       ___crtGetLocaleInfoA       1000c7b1 f   LIBCMT:a_loc.obj
 0001:0000b8cf       __tolower                  1000c8cf f   LIBCMT:tolower.obj
 0001:0000b8d7       _tolower                   1000c8d7 f   LIBCMT:tolower.obj
 0001:0000b946       __tolower_lk               1000c946 f   LIBCMT:tolower.obj
 0001:0000ba20       __allmul                   1000ca20 f   LIBCMT:llmul.obj
 0001:0000ba54       _getenv                    1000ca54 f   LIBCMT:getenv.obj
 0001:0000ba75       __getenv_lk                1000ca75 f   LIBCMT:getenv.obj
 0001:0000baf2       __mbsnbicoll               1000caf2 f   LIBCMT:mbsnbico.obj
 0001:0000bb31       ___wtomb_environ           1000cb31 f   LIBCMT:wtombenv.obj
 0001:0000bb9f       ___crtCompareStringA       1000cb9f f   LIBCMT:a_cmp.obj
 0001:0000be47       ___crtsetenv               1000ce47 f   LIBCMT:setenv.obj
 0001:0000c08d       __mbschr                   1000d08d f   LIBCMT:mbschr.obj
 0001:0000c124       __strdup                   1000d124 f   LIBCMT:strdup.obj
 0001:0000c150       _HeapAlloc@12              1000d150 f   kernel32:KERNEL32.dll
 0001:0000c156       _HeapFree@12               1000d156 f   kernel32:KERNEL32.dll
 0001:0000c15c       _RtlUnwind@16              1000d15c f   kernel32:KERNEL32.dll
 0001:0000c162       _GetCommandLineA@0         1000d162 f   kernel32:KERNEL32.dll
 0001:0000c168       _GetVersion@0              1000d168 f   kernel32:KERNEL32.dll
 0001:0000c16e       _HeapDestroy@4             1000d16e f   kernel32:KERNEL32.dll
 0001:0000c174       _HeapCreate@12             1000d174 f   kernel32:KERNEL32.dll
 0001:0000c17a       _VirtualFree@12            1000d17a f   kernel32:KERNEL32.dll
 0001:0000c180       _ExitProcess@4             1000d180 f   kernel32:KERNEL32.dll
 0001:0000c186       _FatalAppExitA@8           1000d186 f   kernel32:KERNEL32.dll
 0001:0000c18c       _VirtualAlloc@16           1000d18c f   kernel32:KERNEL32.dll
 0001:0000c192       _HeapReAlloc@16            1000d192 f   kernel32:KERNEL32.dll
 0001:0000c198       _IsBadWritePtr@8           1000d198 f   kernel32:KERNEL32.dll
 0001:0000c19e       _TerminateProcess@8        1000d19e f   kernel32:KERNEL32.dll
 0001:0000c1a4       _HeapSize@12               1000d1a4 f   kernel32:KERNEL32.dll
 0001:0000c1aa       _GetCurrentThreadId@0      1000d1aa f   kernel32:KERNEL32.dll
 0001:0000c1b0       _TlsSetValue@8             1000d1b0 f   kernel32:KERNEL32.dll
 0001:0000c1b6       _TlsAlloc@0                1000d1b6 f   kernel32:KERNEL32.dll
 0001:0000c1bc       _TlsFree@4                 1000d1bc f   kernel32:KERNEL32.dll
 0001:0000c1c2       _TlsGetValue@4             1000d1c2 f   kernel32:KERNEL32.dll
 0001:0000c1c8       _GetCurrentThread@0        1000d1c8 f   kernel32:KERNEL32.dll
 0001:0000c1ce       _SetHandleCount@4          1000d1ce f   kernel32:KERNEL32.dll
 0001:0000c1d4       _GetStdHandle@4            1000d1d4 f   kernel32:KERNEL32.dll
 0001:0000c1da       _GetFileType@4             1000d1da f   kernel32:KERNEL32.dll
 0001:0000c1e0       _GetStartupInfoA@4         1000d1e0 f   kernel32:KERNEL32.dll
 0001:0000c1e6       _FreeEnvironmentStringsA@4 1000d1e6 f   kernel32:KERNEL32.dll
 0001:0000c1ec       _FreeEnvironmentStringsW@4 1000d1ec f   kernel32:KERNEL32.dll
 0001:0000c1f2       _GetEnvironmentStrings@0   1000d1f2 f   kernel32:KERNEL32.dll
 0001:0000c1f8       _GetEnvironmentStringsW@0  1000d1f8 f   kernel32:KERNEL32.dll
 0001:0000c1fe       _WriteFile@20              1000d1fe f   kernel32:KERNEL32.dll
 0001:0000c204       _SetFilePointer@16         1000d204 f   kernel32:KERNEL32.dll
 0001:0000c20a       _InterlockedDecrement@4    1000d20a f   kernel32:KERNEL32.dll
 0001:0000c210       _InterlockedIncrement@4    1000d210 f   kernel32:KERNEL32.dll
 0001:0000c216       _SetUnhandledExceptionFilter@4 1000d216 f   kernel32:KERNEL32.dll
 0001:0000c21c       _IsBadReadPtr@8            1000d21c f   kernel32:KERNEL32.dll
 0001:0000c222       _IsBadCodePtr@4            1000d222 f   kernel32:KERNEL32.dll
 0001:0000c228       _UnhandledExceptionFilter@4 1000d228 f   kernel32:KERNEL32.dll
 0001:0000c22e       _GetCPInfo@8               1000d22e f   kernel32:KERNEL32.dll
 0001:0000c234       _GetACP@0                  1000d234 f   kernel32:KERNEL32.dll
 0001:0000c23a       _GetOEMCP@0                1000d23a f   kernel32:KERNEL32.dll
 0001:0000c240       _SetStdHandle@8            1000d240 f   kernel32:KERNEL32.dll
 0001:0000c246       _SetConsoleCtrlHandler@8   1000d246 f   kernel32:KERNEL32.dll
 0001:0000c24c       _MultiByteToWideChar@24    1000d24c f   kernel32:KERNEL32.dll
 0001:0000c252       _LCMapStringA@24           1000d252 f   kernel32:KERNEL32.dll
 0001:0000c258       _LCMapStringW@24           1000d258 f   kernel32:KERNEL32.dll
 0001:0000c25e       _GetStringTypeA@20         1000d25e f   kernel32:KERNEL32.dll
 0001:0000c264       _GetStringTypeW@16         1000d264 f   kernel32:KERNEL32.dll
 0001:0000c26a       _FlushFileBuffers@4        1000d26a f   kernel32:KERNEL32.dll
 0001:0000c270       _IsValidLocale@8           1000d270 f   kernel32:KERNEL32.dll
 0001:0000c276       _IsValidCodePage@4         1000d276 f   kernel32:KERNEL32.dll
 0001:0000c27c       _GetLocaleInfoA@16         1000d27c f   kernel32:KERNEL32.dll
 0001:0000c282       _EnumSystemLocalesA@8      1000d282 f   kernel32:KERNEL32.dll
 0001:0000c288       _GetUserDefaultLCID@0      1000d288 f   kernel32:KERNEL32.dll
 0001:0000c28e       _GetVersionExA@4           1000d28e f   kernel32:KERNEL32.dll
 0001:0000c294       _GetTimeZoneInformation@4  1000d294 f   kernel32:KERNEL32.dll
 0001:0000c29a       _GetLocaleInfoW@16         1000d29a f   kernel32:KERNEL32.dll
 0001:0000c2a0       _CompareStringA@24         1000d2a0 f   kernel32:KERNEL32.dll
 0001:0000c2a6       _CompareStringW@24         1000d2a6 f   kernel32:KERNEL32.dll
 0001:0000c2ac       _SetEnvironmentVariableA@8 1000d2ac f   kernel32:KERNEL32.dll
 0001:0000c2b2       _strupr                    1000d2b2 f   LIBCMT:strupr.obj
 0001:0000c2b2       __strupr                   1000d2b2 f   LIBCMT:strupr.obj
 0002:00000000       __imp__LookupPrivilegeValueA@12 1000e000     advapi32:ADVAPI32.dll
 0002:00000004       __imp__AdjustTokenPrivileges@24 1000e004     advapi32:ADVAPI32.dll
 0002:00000008       __imp__OpenProcessToken@12 1000e008     advapi32:ADVAPI32.dll
 0002:0000000c       \177ADVAPI32_NULL_THUNK_DATA 1000e00c     advapi32:ADVAPI32.dll
 0002:00000010       __imp__WriteProfileStringA@12 1000e010     kernel32:KERNEL32.dll
 0002:00000014       __imp__GetModuleFileNameA@12 1000e014     kernel32:KERNEL32.dll
 0002:00000018       __imp__GetProfileStringA@20 1000e018     kernel32:KERNEL32.dll
 0002:0000001c       __imp__GetModuleHandleA@4  1000e01c     kernel32:KERNEL32.dll
 0002:00000020       __imp__LoadLibraryA@4      1000e020     kernel32:KERNEL32.dll
 0002:00000024       __imp__FreeLibrary@4       1000e024     kernel32:KERNEL32.dll
 0002:00000028       __imp__GetPrivateProfileIntA@16 1000e028     kernel32:KERNEL32.dll
 0002:0000002c       __imp__GetPrivateProfileStringA@24 1000e02c     kernel32:KERNEL32.dll
 0002:00000030       __imp__GetProcAddress@8    1000e030     kernel32:KERNEL32.dll
 0002:00000034       __imp__VirtualProtect@16   1000e034     kernel32:KERNEL32.dll
 0002:00000038       __imp__SetLastError@4      1000e038     kernel32:KERNEL32.dll
 0002:0000003c       __imp__GetLastError@0      1000e03c     kernel32:KERNEL32.dll
 0002:00000040       __imp__VirtualQuery@12     1000e040     kernel32:KERNEL32.dll
 0002:00000044       __imp__WideCharToMultiByte@32 1000e044     kernel32:KERNEL32.dll
 0002:00000048       __imp__CreateProcessW@40   1000e048     kernel32:KERNEL32.dll
 0002:0000004c       __imp__LeaveCriticalSection@4 1000e04c     kernel32:KERNEL32.dll
 0002:00000050       __imp__CloseHandle@4       1000e050     kernel32:KERNEL32.dll
 0002:00000054       __imp__VirtualFreeEx@16    1000e054     kernel32:KERNEL32.dll
 0002:00000058       __imp__WaitForSingleObject@8 1000e058     kernel32:KERNEL32.dll
 0002:0000005c       __imp__CreateRemoteThread@28 1000e05c     kernel32:KERNEL32.dll
 0002:00000060       __imp__WriteProcessMemory@20 1000e060     kernel32:KERNEL32.dll
 0002:00000064       __imp__VirtualAllocEx@20   1000e064     kernel32:KERNEL32.dll
 0002:00000068       __imp__OpenProcess@12      1000e068     kernel32:KERNEL32.dll
 0002:0000006c       __imp__GetCurrentProcessId@0 1000e06c     kernel32:KERNEL32.dll
 0002:00000070       __imp__Sleep@4             1000e070     kernel32:KERNEL32.dll
 0002:00000074       __imp__CreateThread@24     1000e074     kernel32:KERNEL32.dll
 0002:00000078       __imp__GetCurrentProcess@0 1000e078     kernel32:KERNEL32.dll
 0002:0000007c       __imp__FormatMessageA@28   1000e07c     kernel32:KERNEL32.dll
 0002:00000080       __imp__CompareStringW@24   1000e080     kernel32:KERNEL32.dll
 0002:00000084       __imp__CompareStringA@24   1000e084     kernel32:KERNEL32.dll
 0002:00000088       __imp__GetLocaleInfoW@16   1000e088     kernel32:KERNEL32.dll
 0002:0000008c       __imp__EnterCriticalSection@4 1000e08c     kernel32:KERNEL32.dll
 0002:00000090       __imp__DeleteCriticalSection@4 1000e090     kernel32:KERNEL32.dll
 0002:00000094       __imp__CreateProcessA@40   1000e094     kernel32:KERNEL32.dll
 0002:00000098       __imp__InitializeCriticalSection@4 1000e098     kernel32:KERNEL32.dll
 0002:0000009c       __imp__HeapAlloc@12        1000e09c     kernel32:KERNEL32.dll
 0002:000000a0       __imp__HeapFree@12         1000e0a0     kernel32:KERNEL32.dll
 0002:000000a4       __imp__RtlUnwind@16        1000e0a4     kernel32:KERNEL32.dll
 0002:000000a8       __imp__GetCommandLineA@0   1000e0a8     kernel32:KERNEL32.dll
 0002:000000ac       __imp__GetVersion@0        1000e0ac     kernel32:KERNEL32.dll
 0002:000000b0       __imp__HeapDestroy@4       1000e0b0     kernel32:KERNEL32.dll
 0002:000000b4       __imp__HeapCreate@12       1000e0b4     kernel32:KERNEL32.dll
 0002:000000b8       __imp__VirtualFree@12      1000e0b8     kernel32:KERNEL32.dll
 0002:000000bc       __imp__ExitProcess@4       1000e0bc     kernel32:KERNEL32.dll
 0002:000000c0       __imp__FatalAppExitA@8     1000e0c0     kernel32:KERNEL32.dll
 0002:000000c4       __imp__VirtualAlloc@16     1000e0c4     kernel32:KERNEL32.dll
 0002:000000c8       __imp__HeapReAlloc@16      1000e0c8     kernel32:KERNEL32.dll
 0002:000000cc       __imp__IsBadWritePtr@8     1000e0cc     kernel32:KERNEL32.dll
 0002:000000d0       __imp__TerminateProcess@8  1000e0d0     kernel32:KERNEL32.dll
 0002:000000d4       __imp__HeapSize@12         1000e0d4     kernel32:KERNEL32.dll
 0002:000000d8       __imp__GetCurrentThreadId@0 1000e0d8     kernel32:KERNEL32.dll
 0002:000000dc       __imp__TlsSetValue@8       1000e0dc     kernel32:KERNEL32.dll
 0002:000000e0       __imp__TlsAlloc@0          1000e0e0     kernel32:KERNEL32.dll
 0002:000000e4       __imp__TlsFree@4           1000e0e4     kernel32:KERNEL32.dll
 0002:000000e8       __imp__TlsGetValue@4       1000e0e8     kernel32:KERNEL32.dll
 0002:000000ec       __imp__GetCurrentThread@0  1000e0ec     kernel32:KERNEL32.dll
 0002:000000f0       __imp__SetHandleCount@4    1000e0f0     kernel32:KERNEL32.dll
 0002:000000f4       __imp__GetStdHandle@4      1000e0f4     kernel32:KERNEL32.dll
 0002:000000f8       __imp__GetFileType@4       1000e0f8     kernel32:KERNEL32.dll
 0002:000000fc       __imp__GetStartupInfoA@4   1000e0fc     kernel32:KERNEL32.dll
 0002:00000100       __imp__FreeEnvironmentStringsA@4 1000e100     kernel32:KERNEL32.dll
 0002:00000104       __imp__FreeEnvironmentStringsW@4 1000e104     kernel32:KERNEL32.dll
 0002:00000108       __imp__GetEnvironmentStrings@0 1000e108     kernel32:KERNEL32.dll
 0002:0000010c       __imp__GetEnvironmentStringsW@0 1000e10c     kernel32:KERNEL32.dll
 0002:00000110       __imp__WriteFile@20        1000e110     kernel32:KERNEL32.dll
 0002:00000114       __imp__SetFilePointer@16   1000e114     kernel32:KERNEL32.dll
 0002:00000118       __imp__InterlockedDecrement@4 1000e118     kernel32:KERNEL32.dll
 0002:0000011c       __imp__InterlockedIncrement@4 1000e11c     kernel32:KERNEL32.dll
 0002:00000120       __imp__SetUnhandledExceptionFilter@4 1000e120     kernel32:KERNEL32.dll
 0002:00000124       __imp__IsBadReadPtr@8      1000e124     kernel32:KERNEL32.dll
 0002:00000128       __imp__IsBadCodePtr@4      1000e128     kernel32:KERNEL32.dll
 0002:0000012c       __imp__UnhandledExceptionFilter@4 1000e12c     kernel32:KERNEL32.dll
 0002:00000130       __imp__GetCPInfo@8         1000e130     kernel32:KERNEL32.dll
 0002:00000134       __imp__GetACP@0            1000e134     kernel32:KERNEL32.dll
 0002:00000138       __imp__GetOEMCP@0          1000e138     kernel32:KERNEL32.dll
 0002:0000013c       __imp__SetStdHandle@8      1000e13c     kernel32:KERNEL32.dll
 0002:00000140       __imp__SetConsoleCtrlHandler@8 1000e140     kernel32:KERNEL32.dll
 0002:00000144       __imp__MultiByteToWideChar@24 1000e144     kernel32:KERNEL32.dll
 0002:00000148       __imp__LCMapStringA@24     1000e148     kernel32:KERNEL32.dll
 0002:0000014c       __imp__LCMapStringW@24     1000e14c     kernel32:KERNEL32.dll
 0002:00000150       __imp__GetStringTypeA@20   1000e150     kernel32:KERNEL32.dll
 0002:00000154       __imp__GetStringTypeW@16   1000e154     kernel32:KERNEL32.dll
 0002:00000158       __imp__FlushFileBuffers@4  1000e158     kernel32:KERNEL32.dll
 0002:0000015c       __imp__IsValidLocale@8     1000e15c     kernel32:KERNEL32.dll
 0002:00000160       __imp__IsValidCodePage@4   1000e160     kernel32:KERNEL32.dll
 0002:00000164       __imp__GetLocaleInfoA@16   1000e164     kernel32:KERNEL32.dll
 0002:00000168       __imp__EnumSystemLocalesA@8 1000e168     kernel32:KERNEL32.dll
 0002:0000016c       __imp__GetUserDefaultLCID@0 1000e16c     kernel32:KERNEL32.dll
 0002:00000170       __imp__GetVersionExA@4     1000e170     kernel32:KERNEL32.dll
 0002:00000174       __imp__GetTimeZoneInformation@4 1000e174     kernel32:KERNEL32.dll
 0002:00000178       __imp__SetEnvironmentVariableA@8 1000e178     kernel32:KERNEL32.dll
 0002:0000017c       \177KERNEL32_NULL_THUNK_DATA 1000e17c     kernel32:KERNEL32.dll
 0002:00000180       __imp__wsprintfA           1000e180     user32:USER32.dll
 0002:00000184       __imp__SendMessageA@16     1000e184     user32:USER32.dll
 0002:00000188       \177USER32_NULL_THUNK_DATA 1000e188     user32:USER32.dll
 0002:000001ac       ??_7CAPIInfo@@6B@          1000e1ac     ApiInfo.obj
 0002:000001b0       ??_7CHookAPI@@6B@          1000e1b0     HookAPI.obj
 0002:000001b4       ??_7CProcessToHook@@6B@    1000e1b4     ProcessToHook.obj
 0002:000001b8       ___lookuptable             1000e1b8     LIBCMT:output.obj
 0002:00000214       ??_C@_1O@POHA@?$AA?$CI?$AAn?$AAu?$AAl?$AAl?$AA?$CJ?$AA?$AA@ 1000e214     LIBCMT:output.obj
 0002:00000224       ??_C@_06ONKE@?$CInull?$CJ?$AA@ 1000e224     LIBCMT:output.obj
 0002:000002a8       ??_C@_0P@GGKG@runtime?5error?5?$AA@ 1000e2a8     LIBCMT:crt0msg.obj
 0002:000002b8       ??_C@_02PIMC@?$AN?6?$AA@   1000e2b8     LIBCMT:crt0msg.obj
 0002:000002bc       ??_C@_0O@DELO@TLOSS?5error?$AN?6?$AA@ 1000e2bc     LIBCMT:crt0msg.obj
 0002:000002cc       ??_C@_0N@OMLL@SING?5error?$AN?6?$AA@ 1000e2cc     LIBCMT:crt0msg.obj
 0002:000002dc       ??_C@_0P@OJAK@DOMAIN?5error?$AN?6?$AA@ 1000e2dc     LIBCMT:crt0msg.obj
 0002:000002ec       ??_C@_0CF@EANP@R6028?$AN?6?9?5unable?5to?5initialize?5he@ 1000e2ec     LIBCMT:crt0msg.obj
 0002:00000314       ??_C@_0DF@ECGN@R6027?$AN?6?9?5not?5enough?5space?5for?5lo@ 1000e314     LIBCMT:crt0msg.obj
 0002:0000034c       ??_C@_0DF@FKAC@R6026?$AN?6?9?5not?5enough?5space?5for?5st@ 1000e34c     LIBCMT:crt0msg.obj
 0002:00000384       ??_C@_0CG@DPMN@R6025?$AN?6?9?5pure?5virtual?5function?5c@ 1000e384     LIBCMT:crt0msg.obj
 0002:000003ac       ??_C@_0DF@CKIP@R6024?$AN?6?9?5not?5enough?5space?5for?5_o@ 1000e3ac     LIBCMT:crt0msg.obj
 0002:000003e4       ??_C@_0CJ@GGOE@R6019?$AN?6?9?5unable?5to?5open?5console?5@ 1000e3e4     LIBCMT:crt0msg.obj
 0002:00000410       ??_C@_0CB@LBOB@R6018?$AN?6?9?5unexpected?5heap?5error?$AN?6@ 1000e410     LIBCMT:crt0msg.obj
 0002:00000434       ??_C@_0CN@FPEG@R6017?$AN?6?9?5unexpected?5multithread?5@ 1000e434     LIBCMT:crt0msg.obj
 0002:00000464       ??_C@_0CM@OBIC@R6016?$AN?6?9?5not?5enough?5space?5for?5th@ 1000e464     LIBCMT:crt0msg.obj
 0002:00000490       ??_C@_0CB@HPAL@?$AN?6abnormal?5program?5termination?$AN?6@ 1000e490     LIBCMT:crt0msg.obj
 0002:000004b4       ??_C@_0CM@JOOB@R6009?$AN?6?9?5not?5enough?5space?5for?5en@ 1000e4b4     LIBCMT:crt0msg.obj
 0002:000004e0       ??_C@_0CK@OIBL@R6008?$AN?6?9?5not?5enough?5space?5for?5ar@ 1000e4e0     LIBCMT:crt0msg.obj
 0002:0000050c       ??_C@_0CF@LKPB@R6002?$AN?6?9?5floating?5point?5not?5load@ 1000e50c     LIBCMT:crt0msg.obj
 0002:00000534       ??_C@_0CF@JPDF@Microsoft?5Visual?5C?$CL?$CL?5Runtime?5Lib@ 1000e534     LIBCMT:crt0msg.obj
 0002:0000055c       ??_C@_02JJJH@?6?6?$AA@     1000e55c     LIBCMT:crt0msg.obj
 0002:00000560       ??_C@_0BK@DEOK@Runtime?5Error?$CB?6?6Program?3?5?$AA@ 1000e560     LIBCMT:crt0msg.obj
 0002:0000057c       ??_C@_03NAME@?4?4?4?$AA@   1000e57c     LIBCMT:crt0msg.obj
 0002:00000580       ??_C@_0BH@NNCD@?$DMprogram?5name?5unknown?$DO?$AA@ 1000e580     LIBCMT:crt0msg.obj
 0002:00000598       ??_C@_0BD@NJFP@GetLastActivePopup?$AA@ 1000e598     LIBCMT:crtmbox.obj
 0002:000005ac       ??_C@_0BA@GILI@GetActiveWindow?$AA@ 1000e5ac     LIBCMT:crtmbox.obj
 0002:000005bc       ??_C@_0M@PKCK@MessageBoxA?$AA@ 1000e5bc     LIBCMT:crtmbox.obj
 0002:000005c8       ??_C@_0L@HKL@user32?4dll?$AA@ 1000e5c8     LIBCMT:crtmbox.obj
 0002:000005d4       ??_C@_07PCLE@LC_TIME?$AA@  1000e5d4     LIBCMT:setlocal.obj
 0002:000005dc       ??_C@_0L@NKG@LC_NUMERIC?$AA@ 1000e5dc     LIBCMT:setlocal.obj
 0002:000005e8       ??_C@_0M@CBIH@LC_MONETARY?$AA@ 1000e5e8     LIBCMT:setlocal.obj
 0002:000005f4       ??_C@_08LFGE@LC_CTYPE?$AA@ 1000e5f4     LIBCMT:setlocal.obj
 0002:00000600       ??_C@_0L@CFLC@LC_COLLATE?$AA@ 1000e600     LIBCMT:setlocal.obj
 0002:0000060c       ??_C@_06GCPK@LC_ALL?$AA@   1000e60c     LIBCMT:setlocal.obj
 0002:00000614       ??_C@_01FAJB@?$DL?$AA@     1000e614     LIBCMT:setlocal.obj
 0002:00000618       ??_C@_02BGDO@?$DN?$DL?$AA@ 1000e618     LIBCMT:setlocal.obj
 0002:0000061c       ??_C@_01KPOD@?$DN?$AA@     1000e61c     LIBCMT:setlocal.obj
 0002:00000620       ??_C@_03DBOJ@_?4?0?$AA@    1000e620     LIBCMT:setlocal.obj
 0002:00000624       ??_C@_01PJCK@?4?$AA@       1000e624     LIBCMT:setlocal.obj
 0002:00000628       ??_C@_01NON@_?$AA@         1000e628     LIBCMT:setlocal.obj
 0002:0000062c       ??_C@_01A@?$AA?$AA@        1000e62c     LIBCMT:a_map.obj
 0002:00000630       ??_C@_13A@?$AA?$AA?$AA?$AA@ 1000e630     LIBCMT:a_map.obj
 0002:0000065c       ??_C@_08OBJD@Paraguay?$AA@ 1000e65c     LIBCMT:getqloc.obj
 0002:00000668       ??_C@_07GLKH@Uruguay?$AA@  1000e668     LIBCMT:getqloc.obj
 0002:00000670       ??_C@_05FPFC@Chile?$AA@    1000e670     LIBCMT:getqloc.obj
 0002:00000678       ??_C@_07IIGF@Ecuador?$AA@  1000e678     LIBCMT:getqloc.obj
 0002:00000680       ??_C@_09PKAL@Argentina?$AA@ 1000e680     LIBCMT:getqloc.obj
 0002:0000068c       ??_C@_04LKAH@Peru?$AA@     1000e68c     LIBCMT:getqloc.obj
 0002:00000694       ??_C@_08NEEM@Colombia?$AA@ 1000e694     LIBCMT:getqloc.obj
 0002:000006a0       ??_C@_09ODEB@Venezuela?$AA@ 1000e6a0     LIBCMT:getqloc.obj
 0002:000006ac       ??_C@_0BD@CLEL@Dominican?5Republic?$AA@ 1000e6ac     LIBCMT:getqloc.obj
 0002:000006c0       ??_C@_0N@MDGL@South?5Africa?$AA@ 1000e6c0     LIBCMT:getqloc.obj
 0002:000006d0       ??_C@_06NKBG@Panama?$AA@   1000e6d0     LIBCMT:getqloc.obj
 0002:000006d8       ??_C@_0L@BMHO@Luxembourg?$AA@ 1000e6d8     LIBCMT:getqloc.obj
 0002:000006e4       ??_C@_0L@IMDK@Costa?5Rica?$AA@ 1000e6e4     LIBCMT:getqloc.obj
 0002:000006f0       ??_C@_0M@BLJF@Switzerland?$AA@ 1000e6f0     LIBCMT:getqloc.obj
 0002:000006fc       ??_C@_09KBOL@Guatemala?$AA@ 1000e6fc     LIBCMT:getqloc.obj
 0002:00000708       ??_C@_06JNAK@Canada?$AA@   1000e708     LIBCMT:getqloc.obj
 0002:00000710       ??_C@_0BG@OLLP@Spanish?5?9?5Modern?5Sort?$AA@ 1000e710     LIBCMT:getqloc.obj
 0002:00000728       ??_C@_09IDKE@Australia?$AA@ 1000e728     LIBCMT:getqloc.obj
 0002:00000734       ??_C@_07JJJJ@English?$AA@  1000e734     LIBCMT:getqloc.obj
 0002:0000073c       ??_C@_07NMDO@Austria?$AA@  1000e73c     LIBCMT:getqloc.obj
 0002:00000744       ??_C@_06DEFE@German?$AA@   1000e744     LIBCMT:getqloc.obj
 0002:0000074c       ??_C@_07JAIH@Belgium?$AA@  1000e74c     LIBCMT:getqloc.obj
 0002:00000754       ??_C@_06BNLJ@Mexico?$AA@   1000e754     LIBCMT:getqloc.obj
 0002:0000075c       ??_C@_07JHAG@Spanish?$AA@  1000e75c     LIBCMT:getqloc.obj
 0002:00000764       ??_C@_06DADE@Basque?$AA@   1000e764     LIBCMT:getqloc.obj
 0002:0000076c       ??_C@_06ENFP@Sweden?$AA@   1000e76c     LIBCMT:getqloc.obj
 0002:00000774       ??_C@_07JPMH@Swedish?$AA@  1000e774     LIBCMT:getqloc.obj
 0002:0000077c       ??_C@_07IEKF@Iceland?$AA@  1000e77c     LIBCMT:getqloc.obj
 0002:00000784       ??_C@_09KNEA@Icelandic?$AA@ 1000e784     LIBCMT:getqloc.obj
 0002:00000790       ??_C@_06IJOD@France?$AA@   1000e790     LIBCMT:getqloc.obj
 0002:00000798       ??_C@_06EINI@French?$AA@   1000e798     LIBCMT:getqloc.obj
 0002:000007a0       ??_C@_07FOOE@Finland?$AA@  1000e7a0     LIBCMT:getqloc.obj
 0002:000007a8       ??_C@_07OJOM@Finnish?$AA@  1000e7a8     LIBCMT:getqloc.obj
 0002:000007b0       ??_C@_05FFAC@Spain?$AA@    1000e7b0     LIBCMT:getqloc.obj
 0002:000007b8       ??_C@_0BL@BIHM@Spanish?5?9?5Traditional?5Sort?$AA@ 1000e7b8     LIBCMT:getqloc.obj
 0002:000007d4       ??_C@_0O@GLHB@united?9states?$AA@ 1000e7d4     LIBCMT:getqloc.obj
 0002:000007e4       ??_C@_0P@IIKK@united?9kingdom?$AA@ 1000e7e4     LIBCMT:getqloc.obj
 0002:000007f4       ??_C@_0BC@FHBO@trinidad?5?$CG?5tobago?$AA@ 1000e7f4     LIBCMT:getqloc.obj
 0002:00000808       ??_C@_0M@BDFM@south?9korea?$AA@ 1000e808     LIBCMT:getqloc.obj
 0002:00000814       ??_C@_0N@CKFA@south?9africa?$AA@ 1000e814     LIBCMT:getqloc.obj
 0002:00000824       ??_C@_0M@HNHN@south?5korea?$AA@ 1000e824     LIBCMT:getqloc.obj
 0002:00000830       ??_C@_0N@MKDO@south?5africa?$AA@ 1000e830     LIBCMT:getqloc.obj
 0002:00000840       ??_C@_06KFFJ@slovak?$AA@   1000e840     LIBCMT:getqloc.obj
 0002:00000848       ??_C@_0M@NMAC@puerto?9rico?$AA@ 1000e848     LIBCMT:getqloc.obj
 0002:00000854       ??_C@_08EJOH@pr?9china?$AA@ 1000e854     LIBCMT:getqloc.obj
 0002:00000860       ??_C@_08CHMG@pr?5china?$AA@ 1000e860     LIBCMT:getqloc.obj
 0002:0000086c       ??_C@_02OCJK@nz?$AA@       1000e86c     LIBCMT:getqloc.obj
 0002:00000870       ??_C@_0M@MMKA@new?9zealand?$AA@ 1000e870     LIBCMT:getqloc.obj
 0002:0000087c       ??_C@_09MGEH@hong?9kong?$AA@ 1000e87c     LIBCMT:getqloc.obj
 0002:00000888       ??_C@_07CCAK@holland?$AA@  1000e888     LIBCMT:getqloc.obj
 0002:00000890       ??_C@_0O@MEPL@great?5britain?$AA@ 1000e890     LIBCMT:getqloc.obj
 0002:000008a0       ??_C@_07LGIB@england?$AA@  1000e8a0     LIBCMT:getqloc.obj
 0002:000008a8       ??_C@_05BMOA@czech?$AA@    1000e8a8     LIBCMT:getqloc.obj
 0002:000008b0       ??_C@_05NMPB@china?$AA@    1000e8b0     LIBCMT:getqloc.obj
 0002:000008b8       ??_C@_07GN@britain?$AA@    1000e8b8     LIBCMT:getqloc.obj
 0002:000008c0       ??_C@_07DLAK@america?$AA@  1000e8c0     LIBCMT:getqloc.obj
 0002:000008c8       ??_C@_03IPEP@usa?$AA@      1000e8c8     LIBCMT:getqloc.obj
 0002:000008cc       ??_C@_02PILH@us?$AA@       1000e8cc     LIBCMT:getqloc.obj
 0002:000008d0       ??_C@_02FHP@uk?$AA@        1000e8d0     LIBCMT:getqloc.obj
 0002:000008d4       ??_C@_05DEAI@swiss?$AA@    1000e8d4     LIBCMT:getqloc.obj
 0002:000008dc       ??_C@_0BA@LIAF@swedish?9finland?$AA@ 1000e8dc     LIBCMT:getqloc.obj
 0002:000008ec       ??_C@_0BC@FMEG@spanish?9venezuela?$AA@ 1000e8ec     LIBCMT:getqloc.obj
 0002:00000900       ??_C@_0BA@BNMG@spanish?9uruguay?$AA@ 1000e900     LIBCMT:getqloc.obj
 0002:00000910       ??_C@_0BE@BKDJ@spanish?9puerto?5rico?$AA@ 1000e910     LIBCMT:getqloc.obj
 0002:00000924       ??_C@_0N@JIBL@spanish?9peru?$AA@ 1000e924     LIBCMT:getqloc.obj
 0002:00000934       ??_C@_0BB@OGOF@spanish?9paraguay?$AA@ 1000e934     LIBCMT:getqloc.obj
 0002:00000948       ??_C@_0P@LLFA@spanish?9panama?$AA@ 1000e948     LIBCMT:getqloc.obj
 0002:00000958       ??_C@_0BC@BBJM@spanish?9nicaragua?$AA@ 1000e958     LIBCMT:getqloc.obj
 0002:0000096c       ??_C@_0P@NJBN@spanish?9modern?$AA@ 1000e96c     LIBCMT:getqloc.obj
 0002:0000097c       ??_C@_0BA@NHDN@spanish?9mexican?$AA@ 1000e97c     LIBCMT:getqloc.obj
 0002:0000098c       ??_C@_0BB@JHOJ@spanish?9honduras?$AA@ 1000e98c     LIBCMT:getqloc.obj
 0002:000009a0       ??_C@_0BC@BOOM@spanish?9guatemala?$AA@ 1000e9a0     LIBCMT:getqloc.obj
 0002:000009b4       ??_C@_0BE@EELI@spanish?9el?5salvador?$AA@ 1000e9b4     LIBCMT:getqloc.obj
 0002:000009c8       ??_C@_0BA@POAE@spanish?9ecuador?$AA@ 1000e9c8     LIBCMT:getqloc.obj
 0002:000009d8       ??_C@_0BL@LDKN@spanish?9dominican?5republic?$AA@ 1000e9d8     LIBCMT:getqloc.obj
 0002:000009f4       ??_C@_0BD@HPMH@spanish?9costa?5rica?$AA@ 1000e9f4     LIBCMT:getqloc.obj
 0002:00000a08       ??_C@_0BB@NDDK@spanish?9colombia?$AA@ 1000ea08     LIBCMT:getqloc.obj
 0002:00000a1c       ??_C@_0O@BJHA@spanish?9chile?$AA@ 1000ea1c     LIBCMT:getqloc.obj
 0002:00000a2c       ??_C@_0BA@OBNG@spanish?9bolivia?$AA@ 1000ea2c     LIBCMT:getqloc.obj
 0002:00000a3c       ??_C@_0BC@EFAM@spanish?9argentina?$AA@ 1000ea3c     LIBCMT:getqloc.obj
 0002:00000a50       ??_C@_0BF@KMMM@portuguese?9brazilian?$AA@ 1000ea50     LIBCMT:getqloc.obj
 0002:00000a68       ??_C@_0BC@BAAE@norwegian?9nynorsk?$AA@ 1000ea68     LIBCMT:getqloc.obj
 0002:00000a7c       ??_C@_0BB@PBHK@norwegian?9bokmal?$AA@ 1000ea7c     LIBCMT:getqloc.obj
 0002:00000a90       ??_C@_09EHKL@norwegian?$AA@ 1000ea90     LIBCMT:getqloc.obj
 0002:00000a9c       ??_C@_0O@BEAN@italian?9swiss?$AA@ 1000ea9c     LIBCMT:getqloc.obj
 0002:00000aac       ??_C@_0O@OIFK@irish?9english?$AA@ 1000eaac     LIBCMT:getqloc.obj
 0002:00000abc       ??_C@_0N@NBPL@german?9swiss?$AA@ 1000eabc     LIBCMT:getqloc.obj
 0002:00000acc       ??_C@_0BC@ICFJ@german?9luxembourg?$AA@ 1000eacc     LIBCMT:getqloc.obj
 0002:00000ae0       ??_C@_0BE@GGPC@german?9lichtenstein?$AA@ 1000eae0     LIBCMT:getqloc.obj
 0002:00000af4       ??_C@_0BA@MKDC@german?9austrian?$AA@ 1000eaf4     LIBCMT:getqloc.obj
 0002:00000b04       ??_C@_0N@ODNB@french?9swiss?$AA@ 1000eb04     LIBCMT:getqloc.obj
 0002:00000b14       ??_C@_0BC@MGCM@french?9luxembourg?$AA@ 1000eb14     LIBCMT:getqloc.obj
 0002:00000b28       ??_C@_0BA@NABK@french?9canadian?$AA@ 1000eb28     LIBCMT:getqloc.obj
 0002:00000b38       ??_C@_0P@CJNO@french?9belgian?$AA@ 1000eb38     LIBCMT:getqloc.obj
 0002:00000b48       ??_C@_0M@LJOL@english?9usa?$AA@ 1000eb48     LIBCMT:getqloc.obj
 0002:00000b54       ??_C@_0L@FMNC@english?9us?$AA@ 1000eb54     LIBCMT:getqloc.obj
 0002:00000b60       ??_C@_0L@KBBK@english?9uk?$AA@ 1000eb60     LIBCMT:getqloc.obj
 0002:00000b6c       ??_C@_0BK@NDDE@english?9trinidad?5y?5tobago?$AA@ 1000eb6c     LIBCMT:getqloc.obj
 0002:00000b88       ??_C@_0BF@LKML@english?9south?5africa?$AA@ 1000eb88     LIBCMT:getqloc.obj
 0002:00000ba0       ??_C@_0L@EGPP@english?9nz?$AA@ 1000eba0     LIBCMT:getqloc.obj
 0002:00000bac       ??_C@_0BA@HLH@english?9jamaica?$AA@ 1000ebac     LIBCMT:getqloc.obj
 0002:00000bbc       ??_C@_0M@PMJI@english?9ire?$AA@ 1000ebbc     LIBCMT:getqloc.obj
 0002:00000bc8       ??_C@_0BC@HINE@english?9caribbean?$AA@ 1000ebc8     LIBCMT:getqloc.obj
 0002:00000bdc       ??_C@_0M@DCFH@english?9can?$AA@ 1000ebdc     LIBCMT:getqloc.obj
 0002:00000be8       ??_C@_0P@DGHK@english?9belize?$AA@ 1000ebe8     LIBCMT:getqloc.obj
 0002:00000bf8       ??_C@_0M@FLHK@english?9aus?$AA@ 1000ebf8     LIBCMT:getqloc.obj
 0002:00000c04       ??_C@_0BB@HNCK@english?9american?$AA@ 1000ec04     LIBCMT:getqloc.obj
 0002:00000c18       ??_C@_0O@PAMI@dutch?9belgian?$AA@ 1000ec18     LIBCMT:getqloc.obj
 0002:00000c28       ??_C@_0BE@FPEJ@chinese?9traditional?$AA@ 1000ec28     LIBCMT:getqloc.obj
 0002:00000c3c       ??_C@_0BC@CHFL@chinese?9singapore?$AA@ 1000ec3c     LIBCMT:getqloc.obj
 0002:00000c50       ??_C@_0BD@DCMH@chinese?9simplified?$AA@ 1000ec50     LIBCMT:getqloc.obj
 0002:00000c64       ??_C@_0BB@JMOE@chinese?9hongkong?$AA@ 1000ec64     LIBCMT:getqloc.obj
 0002:00000c78       ??_C@_07NGFN@chinese?$AA@  1000ec78     LIBCMT:getqloc.obj
 0002:00000c80       ??_C@_03PCOI@chi?$AA@      1000ec80     LIBCMT:getqloc.obj
 0002:00000c84       ??_C@_03FIHP@chh?$AA@      1000ec84     LIBCMT:getqloc.obj
 0002:00000c88       ??_C@_08HFLO@canadian?$AA@ 1000ec88     LIBCMT:getqloc.obj
 0002:00000c94       ??_C@_07INIJ@belgian?$AA@  1000ec94     LIBCMT:getqloc.obj
 0002:00000c9c       ??_C@_0L@LCCA@australian?$AA@ 1000ec9c     LIBCMT:getqloc.obj
 0002:00000ca8       ??_C@_0BB@BJIO@american?9english?$AA@ 1000eca8     LIBCMT:getqloc.obj
 0002:00000cbc       ??_C@_0BB@DAGO@american?5english?$AA@ 1000ecbc     LIBCMT:getqloc.obj
 0002:00000cd0       ??_C@_08HENB@american?$AA@ 1000ecd0     LIBCMT:getqloc.obj
 0002:00000cdc       ??_C@_03DGJE@OCP?$AA@      1000ecdc     LIBCMT:getqloc.obj
 0002:00000ce0       ??_C@_03EKFG@ACP?$AA@      1000ece0     LIBCMT:getqloc.obj
 0002:00000ce4       ??_C@_07CJME@H?3mm?3ss?$AA@ 1000ece4     LIBCMT:strftime.obj
 0002:00000cec       ??_C@_0BE@MHI@dddd?0?5MMMM?5dd?0?5yyyy?$AA@ 1000ecec     LIBCMT:strftime.obj
 0002:00000d00       ??_C@_06HCAD@M?1d?1yy?$AA@ 1000ed00     LIBCMT:strftime.obj
 0002:00000d08       ??_C@_02DBLP@PM?$AA@       1000ed08     LIBCMT:strftime.obj
 0002:00000d0c       ??_C@_02ENLM@AM?$AA@       1000ed0c     LIBCMT:strftime.obj
 0002:00000d10       ??_C@_08LIDF@December?$AA@ 1000ed10     LIBCMT:strftime.obj
 0002:00000d1c       ??_C@_08NJLI@November?$AA@ 1000ed1c     LIBCMT:strftime.obj
 0002:00000d28       ??_C@_07IAMM@October?$AA@  1000ed28     LIBCMT:strftime.obj
 0002:00000d30       ??_C@_09MKGD@September?$AA@ 1000ed30     LIBCMT:strftime.obj
 0002:00000d3c       ??_C@_06PADP@August?$AA@   1000ed3c     LIBCMT:strftime.obj
 0002:00000d44       ??_C@_04PIJO@July?$AA@     1000ed44     LIBCMT:strftime.obj
 0002:00000d4c       ??_C@_04ICFP@June?$AA@     1000ed4c     LIBCMT:strftime.obj
 0002:00000d54       ??_C@_05JFGC@April?$AA@    1000ed54     LIBCMT:strftime.obj
 0002:00000d5c       ??_C@_05FGPD@March?$AA@    1000ed5c     LIBCMT:strftime.obj
 0002:00000d64       ??_C@_08PGBA@February?$AA@ 1000ed64     LIBCMT:strftime.obj
 0002:00000d70       ??_C@_07BPKJ@January?$AA@  1000ed70     LIBCMT:strftime.obj
 0002:00000d78       ??_C@_03PGJO@Dec?$AA@      1000ed78     LIBCMT:strftime.obj
 0002:00000d7c       ??_C@_03PDLM@Nov?$AA@      1000ed7c     LIBCMT:strftime.obj
 0002:00000d80       ??_C@_03BLHK@Oct?$AA@      1000ed80     LIBCMT:strftime.obj
 0002:00000d84       ??_C@_03DPFM@Sep?$AA@      1000ed84     LIBCMT:strftime.obj
 0002:00000d88       ??_C@_03CMCH@Aug?$AA@      1000ed88     LIBCMT:strftime.obj
 0002:00000d8c       ??_C@_03OBKI@Jul?$AA@      1000ed8c     LIBCMT:strftime.obj
 0002:00000d90       ??_C@_03LEIG@Jun?$AA@      1000ed90     LIBCMT:strftime.obj
 0002:00000d94       ??_C@_03MGHB@May?$AA@      1000ed94     LIBCMT:strftime.obj
 0002:00000d98       ??_C@_03MJJM@Apr?$AA@      1000ed98     LIBCMT:strftime.obj
 0002:00000d9c       ??_C@_03GNHA@Mar?$AA@      1000ed9c     LIBCMT:strftime.obj
 0002:00000da0       ??_C@_03PICE@Feb?$AA@      1000eda0     LIBCMT:strftime.obj
 0002:00000da4       ??_C@_03IEIF@Jan?$AA@      1000eda4     LIBCMT:strftime.obj
 0002:00000da8       ??_C@_08FAKH@Saturday?$AA@ 1000eda8     LIBCMT:strftime.obj
 0002:00000db4       ??_C@_06ONCK@Friday?$AA@   1000edb4     LIBCMT:strftime.obj
 0002:00000dbc       ??_C@_08CCFO@Thursday?$AA@ 1000edbc     LIBCMT:strftime.obj
 0002:00000dc8       ??_C@_09PBIN@Wednesday?$AA@ 1000edc8     LIBCMT:strftime.obj
 0002:00000dd4       ??_C@_07BMBC@Tuesday?$AA@  1000edd4     LIBCMT:strftime.obj
 0002:00000ddc       ??_C@_06CHLK@Monday?$AA@   1000eddc     LIBCMT:strftime.obj
 0002:00000de4       ??_C@_06OOEM@Sunday?$AA@   1000ede4     LIBCMT:strftime.obj
 0002:00000dec       ??_C@_03MPKK@Sat?$AA@      1000edec     LIBCMT:strftime.obj
 0002:00000df0       ??_C@_03FINJ@Fri?$AA@      1000edf0     LIBCMT:strftime.obj
 0002:00000df4       ??_C@_03HIKC@Thu?$AA@      1000edf4     LIBCMT:strftime.obj
 0002:00000df8       ??_C@_03HECK@Wed?$AA@      1000edf8     LIBCMT:strftime.obj
 0002:00000dfc       ??_C@_03ECCP@Tue?$AA@      1000edfc     LIBCMT:strftime.obj
 0002:00000e00       ??_C@_03PIEP@Mon?$AA@      1000ee00     LIBCMT:strftime.obj
 0002:00000e04       ??_C@_03FHEP@Sun?$AA@      1000ee04     LIBCMT:strftime.obj
 0002:00000e08       ??_C@_03MKGK@a?1p?$AA@     1000ee08     LIBCMT:strftime.obj
 0002:00000e0c       ??_C@_05BDJK@am?1pm?$AA@   1000ee0c     LIBCMT:strftime.obj
 0002:00000e30       ___dnames                  1000ee30     LIBCMT:timeset.obj
 0002:00000e48       ___mnames                  1000ee48     LIBCMT:timeset.obj
 0002:00000e70       ??_C@_02JHIA@TZ?$AA@       1000ee70     LIBCMT:tzset.obj
 0002:00000f78       __IMPORT_DESCRIPTOR_KERNEL32 1000ef78     kernel32:KERNEL32.dll
 0002:00000f8c       __IMPORT_DESCRIPTOR_USER32 1000ef8c     user32:USER32.dll
 0002:00000fa0       __IMPORT_DESCRIPTOR_ADVAPI32 1000efa0     advapi32:ADVAPI32.dll
 0002:00000fb4       __NULL_IMPORT_DESCRIPTOR   1000efb4     kernel32:KERNEL32.dll
 0003:00000000       ___xc_a                    10010000     LIBCMT:crt0init.obj
 0003:0000000c       ___xc_z                    1001000c     LIBCMT:crt0init.obj
 0003:00000010       ___xi_a                    10010010     LIBCMT:crt0init.obj
 0003:00000024       ___xi_z                    10010024     LIBCMT:crt0init.obj
 0003:00000028       ___xp_a                    10010028     LIBCMT:crt0init.obj
 0003:00000030       ___xp_z                    10010030     LIBCMT:crt0init.obj
 0003:00000034       ___xt_a                    10010034     LIBCMT:crt0init.obj
 0003:0000003c       ___xt_z                    1001003c     LIBCMT:crt0init.obj
 0003:00000040       ??_C@_08BGKO@exe_name?$AA@ 10010040     HookAPI.obj
 0003:0000004c       ??_C@_07NDHJ@HookAPI?$AA@  1001004c     HookAPI.obj
 0003:00000054       ??_C@_08EBD@DLL_PATH?$AA@  10010054     HookAPI.obj
 0003:00000060       ??_C@_0O@PAKF@HookAPINT?4dll?$AA@ 10010060     HookAPI.obj
 0003:00000070       ??_C@_0BF@FCPJ@LoadMyDll?5?$CFs?5failed?$CB?$AA@ 10010070     HookAPI.obj
 0003:00000088       ??_C@_05KEJO@?$CFs?2?$CFs?$AA@ 10010088     HookAPI.obj
 0003:00000090       ??_C@_09KIHC@mydll?4dll?$AA@ 10010090     HookAPI.obj
 0003:0000009c       ??_C@_0CE@INGP@Error?5add?5APIINFO?5of?5CreateProce@ 1001009c     HookAPI.obj
 0003:000000c0       ??_C@_0BF@FBKC@myCreateprocessW2003?$AA@ 100100c0     HookAPI.obj
 0003:000000d8       ??_C@_0DM@GDOK@Error?5Get?5ProcAddress?5CreateProc@ 100100d8     HookAPI.obj
 0003:00000114       ??_C@_0P@PPNE@CreateProcessW?$AA@ 10010114     HookAPI.obj
 0003:00000124       ??_C@_0CE@NLGN@Error?5add?5APIINFO?5of?5CreateProce@ 10010124     HookAPI.obj
 0003:00000148       ??_C@_0BF@JDCI@myCreateprocessA2003?$AA@ 10010148     HookAPI.obj
 0003:00000160       ??_C@_0DM@CDJP@Error?5Get?5ProcAddress?5CreateProc@ 10010160     HookAPI.obj
 0003:0000019c       ??_C@_0P@KJNG@CreateProcessA?$AA@ 1001019c     HookAPI.obj
 0003:000001ac       ??_C@_0BN@CHJG@failed?5to?5GetrProcAddress?3?$CFs?$AA@ 100101ac     HookAPI.obj
 0003:000001cc       ??_C@_0DL@FAMP@Error?5Get?5module?5Kernel32?4dll?0?5c@ 100101cc     HookAPI.obj
 0003:00000208       ??_C@_0N@DOLF@Kernel32?4dll?$AA@ 10010208     HookAPI.obj
 0003:00000218       ??_C@_0EF@LGFN@Error?5Get?5ProcAddress?5?$CFs?5of?5modu@ 10010218     HookAPI.obj
 0003:00000260       ??_C@_0DD@CPGB@Error?5Get?5module?5?$CFs?0?5so?5not?5hook@ 10010260     HookAPI.obj
 0003:00000294       ??_C@_0CM@NBLB@GetProcAddress?5SetServerInfo?5of?5@ 10010294     HookAPI.obj
 0003:000002c0       ??_C@_0CL@JFMD@GetProcAddress?5SetServerInfo?5of?5@ 100102c0     HookAPI.obj
 0003:000002ec       ??_C@_0O@PEIG@SetServerInfo?$AA@ 100102ec     HookAPI.obj
 0003:000002fc       ??_C@_0BA@NOMP@Addr?3?$CFs?0Port?3?$CFd?$AA@ 100102fc     HookAPI.obj
 0003:0000030c       ??_C@_04CEAI@Port?$AA@     1001030c     HookAPI.obj
 0003:00000314       ??_C@_06HCAM@Server?$AA@   10010314     HookAPI.obj
 0003:0000031c       ??_C@_07DPCC@Address?$AA@  1001031c     HookAPI.obj
 0003:00000324       ??_C@_09FCOK@127?40?40?41?$AA@ 10010324     HookAPI.obj
 0003:00000330       ??_C@_0BC@KNHH@?$CFs?2RunService?4ini?$AA@ 10010330     HookAPI.obj
 0003:00000344       ??_C@_0BN@NAI@Init?$CI?$CJ?3?3GetMyAPIInfo?5failed?$CB?$AA@ 10010344     HookAPI.obj
 0003:00000364       ??_C@_0CK@PHFJ@GetProcAddress?5GetMyAPIInfo?5of?5?$CF@ 10010364     HookAPI.obj
 0003:00000390       ??_C@_0N@MDLM@GetMyAPIInfo?$AA@ 10010390     HookAPI.obj
 0003:000003a0       ??_C@_0BI@NHC@Init?$CI?$CJ?3?3m_hMyDll?5?$DN?$DNNULL?$AA@ 100103a0     HookAPI.obj
 0003:000003b8       ??_C@_0EB@PBIG@debug?3?5Hook?5one?5api?5ok?3hmod?$DN?$CFx?0?5@ 100103b8     HookAPI.obj
 0003:000003fc       ??_C@_0BM@NMDJ@RemoveProtection?5failed?$CB?5?$CFs?$AA@ 100103fc     HookAPI.obj
 0003:00000418       ??_C@_0CO@DLGC@UnhookAPIFunction?5?$CFs?5RemoveProte@ 10010418     HookAPI.obj
 0003:00000448       ??_C@_0BO@GGDP@Restore?5my_friend_api_name?4?4?4?$AA@ 10010448     HookAPI.obj
 0003:00000468       ??_C@_0BA@HPGN@hProcess?5?$DN?$DNNULL?$AA@ 10010468     HookAPI.obj
 0003:00000478       ??_C@_0BB@GNEB@?$CFs?2HookAPINT?4dll?$AA@ 10010478     HookAPI.obj
 0003:0000048c       ??_C@_0BO@NJGH@Restore?5my_friend_api_name?3?$CFs?$AA@ 1001048c     HookAPI.obj
 0003:000004ac       ??_C@_0BP@GEMK@ProcessCall?3?5can?5not?5found?5api?$AA@ 100104ac     HookAPI.obj
 0003:000004cc       ??_C@_0BI@LFDP@Error?5VirtualProtect?3?$CFs?$AA@ 100104cc     HookAPI.obj
 0003:000004e4       ??_C@_0BK@KFLJ@HookAPI?3CreateProcessW?3?$CFs?$AA@ 100104e4     HookAPI.obj
 0003:00000500       ??_C@_0BK@CPHE@HookAPI?3CreateProcessA?3?$CFs?$AA@ 10010500     HookAPI.obj
 0003:0000051c       ??_C@_0CB@HBJA@InjectLib?3OpenProcess?5?$CFd?5failed?$CB@ 1001051c     injlib.obj
 0003:00000540       ??_C@_08GLAO@Kernel32?$AA@ 10010540     injlib.obj
 0003:0000054c       ??_C@_0N@BLMK@LoadLibraryA?$AA@ 1001054c     injlib.obj
 0003:0000055c       ??_C@_0DE@KBEC@EjectLib?$CI?$CJ?3CreateRemoteThread?5fa@ 1001055c     injlib.obj
 0003:00000590       ??_C@_0CA@MMDM@EjectLib?3OpenProcess?5?$CFd?5failed?$CB?$AA@ 10010590     injlib.obj
 0003:000005b0       ??_C@_0CM@EACF@EjectLib?3GetProcAddress?5FreeLibr@ 100105b0     injlib.obj
 0003:000005dc       ??_C@_0M@GPPK@FreeLibrary?$AA@ 100105dc     injlib.obj
 0003:000005e8       ??_C@_09IFB@csrss?4exe?$AA@ 100105e8     main.obj
 0003:000005f4       ??_C@_0M@BGHN@rdpclip?4exe?$AA@ 100105f4     main.obj
 0003:00000600       ??_C@_0L@MHJI@ctfmon?4exe?$AA@ 10010600     main.obj
 0003:0000060c       ??_C@_0M@GACE@taskmgr?4exe?$AA@ 1001060c     main.obj
 0003:00000618       ??_C@_09MPAM@lsass?4exe?$AA@ 10010618     main.obj
 0003:00000624       ??_C@_0M@MLGH@svchost?4exe?$AA@ 10010624     main.obj
 0003:00000630       ??_C@_0N@DICN@userinit?4exe?$AA@ 10010630     main.obj
 0003:00000640       ??_C@_0N@PGDJ@Winlogon?4exe?$AA@ 10010640     main.obj
 0003:00000650       ??_C@_0N@KCNA@services?4exe?$AA@ 10010650     main.obj
 0003:00000660       ??_C@_0N@NGOP@explorer?4exe?$AA@ 10010660     main.obj
 0003:00000670       ??_C@_0N@PCFI@iexplore?4exe?$AA@ 10010670     main.obj
 0003:00000680       ??_C@_08MBJI@smss?4exe?$AA@ 10010680     main.obj
 0003:0000068c       ??_C@_08HPLH@hook?4?4?4?4?$AA@ 1001068c     main.obj
 0003:00000698       ??_C@_0M@IMGO@hook?5exe?3?$CFs?$AA@ 10010698     main.obj
 0003:000006a4       ??_C@_09JBNL@debug?5004?$AA@ 100106a4     main.obj
 0003:000006b0       ??_C@_09MEDO@debug?5003?$AA@ 100106b0     main.obj
 0003:000006bc       ??_C@_09GOKJ@debug?5002?$AA@ 100106bc     main.obj
 0003:000006c8       ??_C@_0BB@MJPL@SeDebugPrivilege?$AA@ 100106c8     main.obj
 0003:000006dc       ??_C@_09JBBA@debug?5001?$AA@ 100106dc     main.obj
 0003:000006e8       ??_C@_0N@ENGB@Module32Next?$AA@ 100106e8     ProcessModule.obj
 0003:000006f8       ??_C@_0O@PKHO@Module32First?$AA@ 100106f8     ProcessModule.obj
 0003:00000708       ??_C@_0O@LDED@Process32Next?$AA@ 10010708     ProcessModule.obj
 0003:00000718       ??_C@_0P@MPIA@Process32First?$AA@ 10010718     ProcessModule.obj
 0003:00000728       ??_C@_0BJ@OKNM@CreateToolhelp32Snapshot?$AA@ 10010728     ProcessModule.obj
 0003:00000744       ??_C@_0N@IDOE@kernel32?4dll?$AA@ 10010744     ProcessModule.obj
 0003:00000754       ??_C@_0BH@EMKE@found?5mod_base_name?5?$CFs?$AA@ 10010754     ProcessModule.obj
 0003:0000076c       ??_C@_0CE@NMNF@GetProcessID?5m_dwProcessCount?$DN?$CFd@ 1001076c     ProcessModule.obj
 0003:00000790       ??_C@_0BA@JKGP@GetProcessID?4?4?4?$AA@ 10010790     ProcessModule.obj
 0003:000007a0       __NLG_Destination          100107a0     LIBCMT:exsup.obj
 0003:000007b0       __aexit_rtn                100107b0     LIBCMT:dllcrt0.obj
 0003:000007b4       __amblksiz                 100107b4     LIBCMT:heapinit.obj
 0003:000007b8       __locktable                100107b8     LIBCMT:mlock.obj
 0003:00000878       ___sbh_threshold           10010878     LIBCMT:sbheap.obj
 0003:00000880       ___nullstring              10010880     LIBCMT:output.obj
 0003:00000884       ___wnullstring             10010884     LIBCMT:output.obj
 0003:00000890       ___tlsindex                10010890     LIBCMT:tidtable.obj
 0003:00000894       ?__pInconsistency@@3P6AXXZA 10010894     LIBCMT:hooks.obj
 0003:00000898       ___badioinfo               10010898     LIBCMT:ioinit.obj
 0003:00000950       __iob                      10010950     LIBCMT:_file.obj
 0003:00000bd0       __cfltcvt_tab              10010bd0     LIBCMT:cmiscdat.obj
 0003:00000be8       __pctype                   10010be8     LIBCMT:ctype.obj
 0003:00000bec       __pwctype                  10010bec     LIBCMT:ctype.obj
 0003:00000bf0       __ctype                    10010bf0     LIBCMT:ctype.obj
 0003:00000e00       __XcptActTab               10010e00     LIBCMT:winxfltr.obj
 0003:00000e78       __First_FPE_Indx           10010e78     LIBCMT:winxfltr.obj
 0003:00000e7c       __Num_FPE                  10010e7c     LIBCMT:winxfltr.obj
 0003:00000e80       __XcptActTabSize           10010e80     LIBCMT:winxfltr.obj
 0003:00000e84       __XcptActTabCount          10010e84     LIBCMT:winxfltr.obj
 0003:00001200       ___lc_category             10011200     LIBCMT:setlocal.obj
 0003:00001248       ___mb_cur_max              10011248     LIBCMT:nlsdata1.obj
 0003:0000124c       ___decimal_point           1001124c     LIBCMT:nlsdata1.obj
 0003:00001250       ___decimal_point_length    10011250     LIBCMT:nlsdata1.obj
 0003:00001260       ___rgLocInfo               10011260     LIBCMT:getqloc.obj
 0003:00001704       ___rglangidNotDefault      10011704     LIBCMT:getqloc.obj
 0003:00001718       ___rg_country              10011718     LIBCMT:getqloc.obj
 0003:000017d0       ___rg_language             100117d0     LIBCMT:getqloc.obj
 0003:000019d8       ___lc_time_curr            100119d8     LIBCMT:strftime.obj
 0003:000019e0       ___lc_time_c               100119e0     LIBCMT:strftime.obj
 0003:00001a90       ___lconv_static_decimal    10011a90     LIBCMT:lconv.obj
 0003:00001a98       ___lconv_c                 10011a98     LIBCMT:lconv.obj
 0003:00001ac8       ___lconv                   10011ac8     LIBCMT:lconv.obj
 0003:00001ad0       __timezone                 10011ad0     LIBCMT:timeset.obj
 0003:00001ad4       __daylight                 10011ad4     LIBCMT:timeset.obj
 0003:00001ad8       __dstbias                  10011ad8     LIBCMT:timeset.obj
 0003:00001b5c       __tzname                   10011b5c     LIBCMT:timeset.obj
 0003:00001b90       __lpdays                   10011b90     LIBCMT:days.obj
 0003:00001bc4       __days                     10011bc4     LIBCMT:days.obj
 0003:00001bf8       ?g_api_info@@3VCAPIInfo@@A 10011bf8     HookAPI.obj
 0003:00001c04       ?g_szDllPath@@3PADA        10011c04     HookAPI.obj
 0003:00001c88       ??_C@_00A@?$AA@            10011c88     HookAPI.obj
 0003:00001c90       ?g_exe_to_hook@@3PADA      10011c90     main.obj
 0003:00001d90       ?g_hook_api@@3VCHookAPI@@A 10011d90     main.obj
 0003:00001d9c       ?g_f_stop@@3HA             10011d9c     main.obj
 0003:00001da0       ?g_pid@@3KA                10011da0     main.obj
 0003:00001da8       __aenvptr                  10011da8     LIBCMT:dllcrt0.obj
 0003:00001dac       __wenvptr                  10011dac     LIBCMT:dllcrt0.obj
 0003:00001db0       ___error_mode              10011db0     LIBCMT:dllcrt0.obj
 0003:00001db4       ___app_type                10011db4     LIBCMT:dllcrt0.obj
 0003:00001db8       __newmode                  10011db8     LIBCMT:_newmode.obj
 0003:00001dbc       ?_pnhHeap@@3P6AHI@ZA       10011dbc     LIBCMT:handler.obj
 0003:00001e20       __umaskval                 10011e20     LIBCMT:crt0dat.obj
 0003:00001e24       __osver                    10011e24     LIBCMT:crt0dat.obj
 0003:00001e28       __winver                   10011e28     LIBCMT:crt0dat.obj
 0003:00001e2c       __winmajor                 10011e2c     LIBCMT:crt0dat.obj
 0003:00001e30       __winminor                 10011e30     LIBCMT:crt0dat.obj
 0003:00001e34       ___argc                    10011e34     LIBCMT:crt0dat.obj
 0003:00001e38       ___argv                    10011e38     LIBCMT:crt0dat.obj
 0003:00001e3c       ___wargv                   10011e3c     LIBCMT:crt0dat.obj
 0003:00001e40       __environ                  10011e40     LIBCMT:crt0dat.obj
 0003:00001e44       ___initenv                 10011e44     LIBCMT:crt0dat.obj
 0003:00001e48       __wenviron                 10011e48     LIBCMT:crt0dat.obj
 0003:00001e4c       ___winitenv                10011e4c     LIBCMT:crt0dat.obj
 0003:00001e50       __pgmptr                   10011e50     LIBCMT:crt0dat.obj
 0003:00001e54       __wpgmptr                  10011e54     LIBCMT:crt0dat.obj
 0003:00001e58       __exitflag                 10011e58     LIBCMT:crt0dat.obj
 0003:00001e5c       __C_Termination_Done       10011e5c     LIBCMT:crt0dat.obj
 0003:00001e60       __C_Exit_Done              10011e60     LIBCMT:crt0dat.obj
 0003:00001f6c       __adbgmsg                  10011f6c     LIBCMT:crt0msg.obj
 0003:00001f70       __cflush                   10011f70     LIBCMT:_file.obj
 0003:00001f94       ___lc_handle               10011f94     LIBCMT:nlsdata2.obj
 0003:00001fac       ___lc_codepage             10011fac     LIBCMT:nlsdata2.obj
 0003:00001fb0       ___lc_collate_cp           10011fb0     LIBCMT:nlsdata2.obj
 0003:00001fd0       ___lc_time_intl            10011fd0     LIBCMT:inittime.obj
 0003:00001fec       ___lc_id                   10011fec     LIBCMT:nlsdata3.obj
 0003:0000203c       ___lconv_static_null       1001203c     LIBCMT:lconv.obj
 0003:00002110       ___alternate_form          10012110     <common>
 0003:00002114       ___no_lead_zeros           10012114     <common>
 0003:00002118       ___setlc_active            10012118     <common>
 0003:0000211c       ___unguarded_readlc_active 1001211c     <common>
 0003:00002120       ___mbcodepage              10012120     <common>
 0003:00002130       ___mbulinfo                10012130     <common>
 0003:0000213c       ___ismbcodepage            1001213c     <common>
 0003:00002140       __mbcasemap                10012140     <common>
 0003:00002240       __mbctype                  10012240     <common>
 0003:00002344       ___mblcid                  10012344     <common>
 0003:00002348       ___piob                    10012348     <common>
 0003:00002360       __bufin                    10012360     <common>
 0003:00003360       __nstream                  10013360     <common>
 0003:00003380       ___pioinfo                 10013380     <common>
 0003:00003480       __nhandle                  10013480     <common>
 0003:00003484       ___env_initialized         10013484     <common>
 0003:00003488       ___mbctype_initialized     10013488     <common>
 0003:0000348c       ___onexitend               1001348c     <common>
 0003:00003490       ___onexitbegin             10013490     <common>
 0003:00003494       __FPinit                   10013494     <common>
 0003:00003498       ___sbh_sizeHeaderList      10013498     <common>
 0003:0000349c       ___sbh_indGroupDefer       1001349c     <common>
 0003:000034a0       ___sbh_pHeaderScan         100134a0     <common>
 0003:000034a4       ___sbh_pHeaderDefer        100134a4     <common>
 0003:000034a8       ___sbh_cntHeaderList       100134a8     <common>
 0003:000034ac       ___sbh_pHeaderList         100134ac     <common>
 0003:000034b0       __crtheap                  100134b0     <common>
 0003:000034b4       __acmdln                   100134b4     <common>
 0003:000034b8       __pRawDllMain              100134b8     <common>

 entry point at        0001:000027d7

 Static symbols

 0001:00001200       _$E4                       10002200 f   main.obj
 0001:00001210       _$E1                       10002210 f   main.obj
 0001:00001220       _$E3                       10002220 f   main.obj
 0001:00001230       _$E2                       10002230 f   main.obj
 0001:00000340       _$E4                       10001340 f   HookAPI.obj
 0001:00000350       _$E1                       10001350 f   HookAPI.obj
 0001:00000360       _$E3                       10001360 f   HookAPI.obj
 0001:00000370       _$E2                       10001370 f   HookAPI.obj
 0001:0000bfce       _findenv                   1000cfce f   LIBCMT:setenv.obj
 0001:0000c026       _copy_environ              1000d026 f   LIBCMT:setenv.obj
 0001:0000be1c       _strncnt                   1000ce1c f   LIBCMT:a_cmp.obj
 0001:0000b095       __tzset_lk                 1000c095 f   LIBCMT:tzset.obj
 0001:0000b33d       __isindst_lk               1000c33d f   LIBCMT:tzset.obj
 0001:0000b4e9       _cvtdate                   1000c4e9 f   LIBCMT:tzset.obj
 0001:0000abb4       _xtoa                      1000bbb4 f   LIBCMT:xtoa.obj
 0001:0000ac86       _x64toa@20                 1000bc86 f   LIBCMT:xtoa.obj
 0001:0000a0e7       __expandtime               1000b0e7 f   LIBCMT:strftime.obj
 0001:0000a4d6       __store_str                1000b4d6 f   LIBCMT:strftime.obj
 0001:0000a4fd       __store_num                1000b4fd f   LIBCMT:strftime.obj
 0001:0000a56c       __store_number             1000b56c f   LIBCMT:strftime.obj
 0001:0000a5b5       __store_winword            1000b5b5 f   LIBCMT:strftime.obj
 0001:00009447       _TranslateName             1000a447 f   LIBCMT:getqloc.obj
 0001:0000949f       _GetLcidFromLangCountry    1000a49f f   LIBCMT:getqloc.obj
 0001:00009526       _LangCountryEnumProc@4     1000a526 f   LIBCMT:getqloc.obj
 0001:0000972a       _GetLcidFromLanguage       1000a72a f   LIBCMT:getqloc.obj
 0001:00009780       _LanguageEnumProc@4        1000a780 f   LIBCMT:getqloc.obj
 0001:0000983d       _GetLcidFromCountry        1000a83d f   LIBCMT:getqloc.obj
 0001:00009874       _CountryEnumProc@4         1000a874 f   LIBCMT:getqloc.obj
 0001:000098fa       _GetLcidFromDefault        1000a8fa f   LIBCMT:getqloc.obj
 0001:00009914       _ProcessCodePage           1000a914 f   LIBCMT:getqloc.obj
 0001:0000997a       _TestDefaultCountry        1000a97a f   LIBCMT:getqloc.obj
 0001:00009999       _TestDefaultLanguage       1000a999 f   LIBCMT:getqloc.obj
 0001:000099fb       _IsThisWindowsNT           1000a9fb f   LIBCMT:getqloc.obj
 0001:00009a31       _crtGetLocaleInfoA@16      1000aa31 f   LIBCMT:getqloc.obj
 0001:00009b17       _LcidFromHexString         1000ab17 f   LIBCMT:getqloc.obj
 0001:00009b50       _GetPrimaryLen             1000ab50 f   LIBCMT:getqloc.obj
 0001:00008e1b       __get_lc_lconv             10009e1b f   LIBCMT:initmon.obj
 0001:00008f3d       _fix_grouping              10009f3d f   LIBCMT:initmon.obj
 0001:00008f74       __free_lc_lconv            10009f74 f   LIBCMT:initmon.obj
 0001:00008d19       _fix_grouping              10009d19 f   LIBCMT:initnum.obj
 0001:00008666       __get_lc_time              10009666 f   LIBCMT:inittime.obj
 0001:000089b4       __free_lc_time             100099b4 f   LIBCMT:inittime.obj
 0001:00008351       _strncnt                   10009351 f   LIBCMT:a_map.obj
 0001:00007efa       _ctrlevent_capture@4       10008efa f   LIBCMT:winsig.obj
 0001:000080de       _siglookup                 100090de f   LIBCMT:winsig.obj
 0001:000078e0       __setlocale_set_cat        100088e0 f   LIBCMT:setlocal.obj
 0001:000079fb       __setlocale_get_all        100089fb f   LIBCMT:setlocal.obj
 0001:000075ed       _flsall                    100085ed f   LIBCMT:fflush.obj
 0001:00006dbd       _getSystemCP               10007dbd f   LIBCMT:mbctype.obj
 0001:00006e07       _CPtoLCID                  10007e07 f   LIBCMT:mbctype.obj
 0001:00006e3a       _setSBCS                   10007e3a f   LIBCMT:mbctype.obj
 0001:00006e63       _setSBUpLow                10007e63 f   LIBCMT:mbctype.obj
 0001:00006acf       _xcptlookup                10007acf f   LIBCMT:winxfltr.obj
 0001:00005d60       LeadUp1                    10006d60 f   LIBCMT:memcpy.obj
 0001:00005d8c       LeadUp2                    10006d8c f   LIBCMT:memcpy.obj
 0001:00005db0       LeadUp3                    10006db0 f   LIBCMT:memcpy.obj
 0001:00005e2f       UnwindUp0                  10006e2f f   LIBCMT:memcpy.obj
 0001:00005e1c       UnwindUp1                  10006e1c f   LIBCMT:memcpy.obj
 0001:00005e14       UnwindUp2                  10006e14 f   LIBCMT:memcpy.obj
 0001:00005e0c       UnwindUp3                  10006e0c f   LIBCMT:memcpy.obj
 0001:00005e04       UnwindUp4                  10006e04 f   LIBCMT:memcpy.obj
 0001:00005dfc       UnwindUp5                  10006dfc f   LIBCMT:memcpy.obj
 0001:00005df4       UnwindUp6                  10006df4 f   LIBCMT:memcpy.obj
 0001:00005dec       UnwindUp7                  10006dec f   LIBCMT:memcpy.obj
 0001:00005e48       TrailUp0                   10006e48 f   LIBCMT:memcpy.obj
 0001:00005e50       TrailUp1                   10006e50 f   LIBCMT:memcpy.obj
 0001:00005e5c       TrailUp2                   10006e5c f   LIBCMT:memcpy.obj
 0001:00005e70       TrailUp3                   10006e70 f   LIBCMT:memcpy.obj
 0001:00005ee8       LeadDown1                  10006ee8 f   LIBCMT:memcpy.obj
 0001:00005f08       LeadDown2                  10006f08 f   LIBCMT:memcpy.obj
 0001:00005f30       LeadDown3                  10006f30 f   LIBCMT:memcpy.obj
 0001:00005f84       UnwindDown7                10006f84 f   LIBCMT:memcpy.obj
 0001:00005f8c       UnwindDown6                10006f8c f   LIBCMT:memcpy.obj
 0001:00005f94       UnwindDown5                10006f94 f   LIBCMT:memcpy.obj
 0001:00005f9c       UnwindDown4                10006f9c f   LIBCMT:memcpy.obj
 0001:00005fa4       UnwindDown3                10006fa4 f   LIBCMT:memcpy.obj
 0001:00005fac       UnwindDown2                10006fac f   LIBCMT:memcpy.obj
 0001:00005fb4       UnwindDown1                10006fb4 f   LIBCMT:memcpy.obj
 0001:00005fc7       UnwindDown0                10006fc7 f   LIBCMT:memcpy.obj
 0001:00005fe0       TrailDown0                 10006fe0 f   LIBCMT:memcpy.obj
 0001:00005fe8       TrailDown1                 10006fe8 f   LIBCMT:memcpy.obj
 0001:00005ff8       TrailDown2                 10006ff8 f   LIBCMT:memcpy.obj
 0001:0000600c       TrailDown3                 1000700c f   LIBCMT:memcpy.obj
 0001:00005a20       LeadUp1                    10006a20 f   LIBCMT:memmove.obj
 0001:00005a4c       LeadUp2                    10006a4c f   LIBCMT:memmove.obj
 0001:00005a70       LeadUp3                    10006a70 f   LIBCMT:memmove.obj
 0001:00005aef       UnwindUp0                  10006aef f   LIBCMT:memmove.obj
 0001:00005adc       UnwindUp1                  10006adc f   LIBCMT:memmove.obj
 0001:00005ad4       UnwindUp2                  10006ad4 f   LIBCMT:memmove.obj
 0001:00005acc       UnwindUp3                  10006acc f   LIBCMT:memmove.obj
 0001:00005ac4       UnwindUp4                  10006ac4 f   LIBCMT:memmove.obj
 0001:00005abc       UnwindUp5                  10006abc f   LIBCMT:memmove.obj
 0001:00005ab4       UnwindUp6                  10006ab4 f   LIBCMT:memmove.obj
 0001:00005aac       UnwindUp7                  10006aac f   LIBCMT:memmove.obj
 0001:00005b08       TrailUp0                   10006b08 f   LIBCMT:memmove.obj
 0001:00005b10       TrailUp1                   10006b10 f   LIBCMT:memmove.obj
 0001:00005b1c       TrailUp2                   10006b1c f   LIBCMT:memmove.obj
 0001:00005b30       TrailUp3                   10006b30 f   LIBCMT:memmove.obj
 0001:00005ba8       LeadDown1                  10006ba8 f   LIBCMT:memmove.obj
 0001:00005bc8       LeadDown2                  10006bc8 f   LIBCMT:memmove.obj
 0001:00005bf0       LeadDown3                  10006bf0 f   LIBCMT:memmove.obj
 0001:00005c44       UnwindDown7                10006c44 f   LIBCMT:memmove.obj
 0001:00005c4c       UnwindDown6                10006c4c f   LIBCMT:memmove.obj
 0001:00005c54       UnwindDown5                10006c54 f   LIBCMT:memmove.obj
 0001:00005c5c       UnwindDown4                10006c5c f   LIBCMT:memmove.obj
 0001:00005c64       UnwindDown3                10006c64 f   LIBCMT:memmove.obj
 0001:00005c6c       UnwindDown2                10006c6c f   LIBCMT:memmove.obj
 0001:00005c74       UnwindDown1                10006c74 f   LIBCMT:memmove.obj
 0001:00005c87       UnwindDown0                10006c87 f   LIBCMT:memmove.obj
 0001:00005ca0       TrailDown0                 10006ca0 f   LIBCMT:memmove.obj
 0001:00005ca8       TrailDown1                 10006ca8 f   LIBCMT:memmove.obj
 0001:00005cb8       TrailDown2                 10006cb8 f   LIBCMT:memmove.obj
 0001:00005ccc       TrailDown3                 10006ccc f   LIBCMT:memmove.obj
 0001:00005505       _parse_cmdline             10006505 f   LIBCMT:stdargv.obj
 0001:00004769       ?FindHandler@@YAXPAUEHExceptionRecord@@PAUEHRegistrationNode@@PAU_CONTEXT@@PAXPBU_s_FuncInfo@@EH1@Z 10005769 f   LIBCMT:frame.obj
 0001:0000491c       ?FindHandlerForForeignException@@YAXPAUEHExceptionRecord@@PAUEHRegistrationNode@@PAU_CONTEXT@@PAXPBU_s_FuncInfo@@HH1@Z 1000591c f   LIBCMT:frame.obj
 0001:000049c6       ?TypeMatch@@YAHPBU_s_HandlerType@@PBU_s_CatchableType@@PBU_s_ThrowInfo@@@Z 100059c6 f   LIBCMT:frame.obj
 0001:00004ac1       ?FrameUnwindFilter@@YAHPAU_EXCEPTION_POINTERS@@@Z 10005ac1 f   LIBCMT:frame.obj
 0001:00004ad7       ?CatchIt@@YAXPAUEHExceptionRecord@@PAUEHRegistrationNode@@PAU_CONTEXT@@PAXPBU_s_FuncInfo@@PBU_s_HandlerType@@PBU_s_CatchableType@@PBU_s_TryBlockMapEntry@@H1E@Z 10005ad7 f   LIBCMT:frame.obj
 0001:00004b52       ?CallCatchBlock@@YAPAXPAUEHExceptionRecord@@PAUEHRegistrationNode@@PAU_CONTEXT@@PBU_s_FuncInfo@@PAXHK@Z 10005b52 f   LIBCMT:frame.obj
 0001:00004c6d       ?ExFilterRethrow@@YAHPAU_EXCEPTION_POINTERS@@@Z 10005c6d f   LIBCMT:frame.obj
 0001:00004c97       ?BuildCatchObject@@YAXPAUEHExceptionRecord@@PAUEHRegistrationNode@@PBU_s_HandlerType@@PBU_s_CatchableType@@@Z 10005c97 f   LIBCMT:frame.obj
 0001:00004ec2       ?AdjustPointer@@YAPAXPAXABUPMD@@@Z 10005ec2 f   LIBCMT:frame.obj
 0001:00004605       _write_char                10005605 f   LIBCMT:output.obj
 0001:0000463a       _write_multi_char          1000563a f   LIBCMT:output.obj
 0001:0000466b       _write_string              1000566b f   LIBCMT:output.obj
 0001:000046a3       _get_int_arg               100056a3 f   LIBCMT:output.obj
 0001:000046b0       _get_int64_arg             100056b0 f   LIBCMT:output.obj
 0001:000046c0       _get_short_arg             100056c0 f   LIBCMT:output.obj
 0001:00003a89       _doexit                    10004a89 f   LIBCMT:crt0dat.obj
 0001:00003b40       __initterm                 10004b40 f   LIBCMT:crt0dat.obj
 0001:00002528       _gu_return                 10003528 f   LIBCMT:exsup.obj
 0001:00002530       __unwind_handler           10003530 f   LIBCMT:exsup.obj
 0001:0000230e       ?CatchGuardHandler@@YA?AW4_EXCEPTION_DISPOSITION@@PAUEHExceptionRecord@@PAUCatchGuardRN@@PAX2@Z 1000330e f   LIBCMT:trnsctrl.obj
 0001:000023e9       ?TranslatorGuardHandler@@YA?AW4_EXCEPTION_DISPOSITION@@PAUEHExceptionRecord@@PAUTranslatorGuardRN@@PAX2@Z 100033e9 f   LIBCMT:trnsctrl.obj
